Component: ARM Compiler 5.06 update 7 (build 960) Tool: armlink [4d3601]

==============================================================================

Section Cross References

    startup_tm4c123.o(STACK) refers (Special) to heapauxi.o(.text) for __use_two_region_memory
    startup_tm4c123.o(HEAP) refers (Special) to heapauxi.o(.text) for __use_two_region_memory
    startup_tm4c123.o(RESET) refers (Special) to heapauxi.o(.text) for __use_two_region_memory
    startup_tm4c123.o(RESET) refers to startup_tm4c123.o(STACK) for __initial_sp
    startup_tm4c123.o(RESET) refers to startup_tm4c123.o(.text) for Reset_Handler
    startup_tm4c123.o(RESET) refers to main.o(.text) for SysTick_Handler
    startup_tm4c123.o(RESET) refers to timer0.o(.text) for TIMER0A_Handler
    startup_tm4c123.o(RESET) refers to timer1.o(.text) for TIMER1A_Handler
    startup_tm4c123.o(RESET) refers to timer2.o(.text) for TIMER2A_Handler
    startup_tm4c123.o(RESET) refers to texas.o(.text) for TIMER5A_Handler
    startup_tm4c123.o(.text) refers (Special) to heapauxi.o(.text) for __use_two_region_memory
    startup_tm4c123.o(.text) refers to __main.o(!!!main) for __main
    startup_tm4c123.o(.text) refers to startup_tm4c123.o(HEAP) for Heap_Mem
    startup_tm4c123.o(.text) refers to startup_tm4c123.o(STACK) for Stack_Mem
    main.o(.text) refers to startup_tm4c123.o(.text) for DisableInterrupts
    main.o(.text) refers to random.o(.text) for Random()
    main.o(.text) refers to powerups.o(.text) for powerups::hash(int)
    main.o(.text) refers to timer1.o(.text) for Timer1_Init(void(*)(), unsigned)
    main.o(.text) refers to ssd1306.o(.text) for SSD1306_ClearBuffer()
    main.o(.text) refers to main.o(.data) for noCollisionsMode
    main.o(.text) refers to main.o(.bss) for bouncyBall
    main.o(.text) refers to main.o(.constdata) for Laser0
    main.o(.text) refers to slidepot.o(.text) for ADC_Init()
    main.o(.text) refers to texas.o(.text) for TExaS_Init(void(*)())
    main.o(.text) refers to sound.o(.text) for Sound_Init()
    main.o(.text) refers to switch.o(.text) for Switch_Init()
    main.o(.text) refers to timer0.o(.text) for Timer0_Init(void(*)(), unsigned)
    main.o(.text) refers to sprite.o(.text) for Sprite::move(int)
    main.o(.text) refers to rt_memcpy_w.o(.text) for __aeabi_memcpy4
    main.o(.text) refers to aeabi_vec_ctor_nocookie_nodtor.o(i.__aeabi_vec_ctor_nocookie_nodtor) for __aeabi_vec_ctor_nocookie_nodtor
    main.o(.ARM.exidx) refers to main.o(.text) for .text
    main.o(.init_array) refers to main.o(.text) for __sti___8_main_cpp_b81b5551
    main.o(.init_array) refers to init_aeabi.o(.text) for __cpp_initialize__aeabi_
    dac.o(.ARM.exidx) refers to dac.o(.text) for .text
    random.o(.text) refers to random.o(.data) for M
    random.o(.ARM.exidx) refers to random.o(.text) for .text
    slidepot.o(.ARM.exidx) refers to slidepot.o(.text) for .text
    sound.o(.text) refers to dac.o(.text) for DAC_Out(unsigned char)
    sound.o(.text) refers to timer2.o(.text) for Timer2_Init(void(*)(), unsigned)
    sound.o(.text) refers to sound.o(.data) for sounds
    sound.o(.ARM.exidx) refers to sound.o(.text) for .text
    timer0.o(.text) refers to timer0.o(.data) for PeriodicTask0
    timer0.o(.ARM.exidx) refers to timer0.o(.text) for .text
    timer1.o(.text) refers to timer1.o(.data) for PeriodicTask1
    timer1.o(.ARM.exidx) refers to timer1.o(.text) for .text
    i2c3.o(.ARM.exidx) refers to i2c3.o(.text) for .text
    ssd1306.o(.text) refers to i2c3.o(.text) for I2C3_Send2(signed char, unsigned char, unsigned char)
    ssd1306.o(.text) refers to ssd1306.o(.data) for CurrentX
    ssd1306.o(.text) refers to ssd1306.o(.constdata) for dlist1
    ssd1306.o(.text) refers to ssd1306.o(.bss) for buffer
    ssd1306.o(.ARM.exidx) refers to ssd1306.o(.text) for .text
    texas.o(.text) refers to texas.o(.data) for sendDataPt
    texas.o(.ARM.exidx) refers to texas.o(.text) for .text
    timer2.o(.text) refers to timer2.o(.data) for PeriodicTask2
    timer2.o(.ARM.exidx) refers to timer2.o(.text) for .text
    switch.o(.ARM.exidx) refers to switch.o(.text) for .text
    sprite.o(.text) refers to main.o(.text) for Sprite::physics()
    sprite.o(.ARM.exidx) refers to sprite.o(.text) for .text
    powerups.o(.text) refers to powerups.o(.constdata) for antiball
    powerups.o(.ARM.exidx) refers to powerups.o(.text) for .text
    __main.o(!!!main) refers to __rtentry.o(.ARM.Collect$$rtentry$$00000000) for __rt_entry
    init_aeabi.o(.emb_text) refers (Special) to libinit2.o(.ARM.Collect$$libinit$$00000031) for __rt_lib_init_cpp_2
    init_aeabi.o(.init_array) refers (Special) to libinit2.o(.ARM.Collect$$libinit$$00000031) for __rt_lib_init_cpp_2
    init_aeabi.o(.init_array) refers to init_aeabi.o(.text) for __cpp_initialize__aeabi_
    init_aeabi.o(.dummy_text) refers (Special) to libinit2.o(.ARM.Collect$$libinit$$00000031) for __rt_lib_init_cpp_2
[...]
    libspace.o(.text) refers to libspace.o(.bss) for __libspace_start
    rtexit.o(.ARM.Collect$$rtexit$$00000000) refers (Special) to rtexit2.o(.ARM.Collect$$rtexit$$00000004) for __rt_exit_exit
    rtexit.o(.ARM.Collect$$rtexit$$00000000) refers (Special) to rtexit2.o(.ARM.Collect$$rtexit$$00000003) for __rt_exit_ls
    rtexit.o(.ARM.Collect$$rtexit$$00000000) refers (Special) to rtexit2.o(.ARM.Collect$$rtexit$$00000002) for __rt_exit_prels_1
    rtexit.o(.ARM.exidx) refers (Special) to rtexit2.o(.ARM.Collect$$rtexit$$00000004) for __rt_exit_exit
    rtexit.o(.ARM.exidx) refers (Special) to rtexit2.o(.ARM.Collect$$rtexit$$00000003) for __rt_exit_ls
    rtexit.o(.ARM.exidx) refers (Special) to rtexit2.o(.ARM.Collect$$rtexit$$00000002) for __rt_exit_prels_1
    rtexit.o(.ARM.exidx) refers to rtexit.o(.ARM.Collect$$rtexit$$00000000) for .ARM.Collect$$rtexit$$00000000
    malloc.o(.text) refers (Special) to hguard.o(.text) for __heap$guard
    malloc.o(.text) refers (Special) to init_alloc.o(.text) for _init_alloc
    malloc.o(.text) refers to rt_heap_descriptor_intlibspace.o(.text) for __rt_heap_descriptor
    malloc.o(.text) refers to heapstubs.o(.text) for __Heap_Alloc
    free.o(.text) refers (Special) to hguard.o(.text) for __heap$guard
    free.o(.text) refers to rt_heap_descriptor_intlibspace.o(.text) for __rt_heap_descriptor
    free.o(.text) refers to heapstubs.o(.text) for __Heap_Free
    h1_alloc.o(.text) refers (Special) to h1_init.o(.text) for __Heap_Initialize
    h1_alloc.o(.text) refers to rt_heap_descriptor_intlibspace.o(.text) for __rt_heap_descriptor
    h1_alloc.o(.text) refers to init_alloc.o(.text) for __Heap_Full
    h1_free.o(.text) refers to rt_heap_descriptor_intlibspace.o(.text) for __rt_heap_descriptor
    h1_alloc_mt.o(.text) refers (Special) to h1_init.o(.text) for __Heap_Initialize
    h1_alloc_mt.o(.text) refers to init_alloc.o(.text) for __Heap_Full
    h1_alloc_mt.o(.text) refers to rt_heap_descriptor_intlibspace.o(.text) for __rt_heap_descriptor
    h1_free_mt.o(.text) refers to rt_heap_descriptor_intlibspace.o(.text) for __rt_heap_descriptor
    heap2.o(i._FDIterate) refers to heap2.o(.conststring) for .conststring
    heap2.o(i.___Heap_ProvideMemory$realtime) refers to fdtree.o(i._FDTree_Delete) for _FDTree_Delete
    heap2.o(i.___Heap_ProvideMemory$realtime) refers to fdtree.o(i._FDTree_Insert) for _FDTree_Insert
    heap2.o(i.___Heap_Stats$realtime) refers to heap2.o(i._Heap2_StatsIterate) for _Heap2_StatsIterate
    heap2.o(i.___Heap_Valid$realtime) refers to heap2.o(i._FDIterate) for _FDIterate
    heap2.o(i.___Heap_Valid$realtime) refers to heap2.o(.conststring) for .conststring
    heap2.o(i._free$realtime) refers to rt_heap_descriptor_intlibspace.o(.text) for __rt_heap_descriptor
    heap2.o(i._free$realtime) refers to fdtree.o(i._FDTree_Delete) for _FDTree_Delete
    heap2.o(i._free$realtime) refers to fdtree.o(i._FDTree_Insert) for _FDTree_Insert
    heap2.o(i._malloc$realtime) refers to rt_heap_descriptor_intlibspace.o(.text) for __rt_heap_descriptor
    heap2.o(i._malloc$realtime) refers to fdtree.o(i._FDTree_FindFirst) for _FDTree_FindFirst
    heap2.o(i._malloc$realtime) refers to init_alloc.o(.text) for __Heap_Full
    heap2.o(i._malloc$realtime) refers to fdtree.o(i._FDTree_RemoveNode) for _FDTree_RemoveNode
    heap2.o(i._malloc$realtime) refers to fdtree.o(i._FDTree_Insert) for _FDTree_Insert
    heap2.o(i._posix_memalign$realtime) refers to rt_heap_descriptor_intlibspace.o(.text) for __rt_heap_descriptor
    heap2.o(i._posix_memalign$realtime) refers to fdtree.o(i._FDTree_FindFirst) for _FDTree_FindFirst
    heap2.o(i._posix_memalign$realtime) refers to init_alloc.o(.text) for __Heap_Full
    heap2.o(i._posix_memalign$realtime) refers to fdtree.o(i._FDTree_RemoveNode) for _FDTree_RemoveNode
    heap2.o(i._posix_memalign$realtime) refers to fdtree.o(i._FDTree_Insert) for _FDTree_Insert
    heap2.o(i._realloc$realtime) refers to rt_heap_descriptor_intlibspace.o(.text) for __rt_heap_descriptor
    heap2.o(i._realloc$realtime) refers to fdtree.o(i._FDTree_Insert) for _FDTree_Insert
    heap2.o(i._realloc$realtime) refers to h1_free.o(.text) for free
    heap2.o(i._realloc$realtime) refers to h1_alloc.o(.text) for malloc
    heap2.o(i._realloc$realtime) refers to fdtree.o(i._FDTree_Delete) for _FDTree_Delete
    heap2.o(i._realloc$realtime) refers to rt_memcpy_w.o(.text) for __aeabi_memcpy4
    heap2mt.o(i._FDIterate) refers to heap2mt.o(.conststring) for .conststring
    heap2mt.o(i.___Heap_Initialize$realtime$concurrent) refers to mutex_dummy.o(.text) for _mutex_initialize
    heap2mt.o(i.___Heap_ProvideMemory$realtime$concurrent) refers to fdtree.o(i._FDTree_Delete) for _FDTree_Delete
    heap2mt.o(i.___Heap_ProvideMemory$realtime$concurrent) refers to fdtree.o(i._FDTree_Insert) for _FDTree_Insert
    heap2mt.o(i.___Heap_Stats$realtime$concurrent) refers to heap2mt.o(i._Heap2_StatsIterate) for _Heap2_StatsIterate
    heap2mt.o(i.___Heap_Valid$realtime$concurrent) refers to heap2mt.o(i._FDIterate) for _FDIterate
    heap2mt.o(i.___Heap_Valid$realtime$concurrent) refers to heap2mt.o(.conststring) for .conststring
    heap2mt.o(i._free$realtime$concurrent) refers to rt_heap_descriptor_intlibspace.o(.text) for __rt_heap_descriptor
    heap2mt.o(i._free$realtime$concurrent) refers to fdtree.o(i._FDTree_Delete) for _FDTree_Delete
    heap2mt.o(i._free$realtime$concurrent) refers to fdtree.o(i._FDTree_Insert) for _FDTree_Insert
    heap2mt.o(i._malloc$realtime$concurrent) refers to rt_heap_descriptor_intlibspace.o(.text) for __rt_heap_descriptor
    heap2mt.o(i._malloc$realtime$concurrent) refers to fdtree.o(i._FDTree_FindFirst) for _FDTree_FindFirst
    heap2mt.o(i._malloc$realtime$concurrent) refers to init_alloc.o(.text) for __Heap_Full
    heap2mt.o(i._malloc$realtime$concurrent) refers to fdtree.o(i._FDTree_RemoveNode) for _FDTree_RemoveNode
    heap2mt.o(i._malloc$realtime$concurrent) refers to fdtree.o(i._FDTree_Insert) for _FDTree_Insert
    heap2mt.o(i._posix_memalign$realtime$concurrent) refers to rt_heap_descriptor_intlibspace.o(.text) for __rt_heap_descriptor
    heap2mt.o(i._posix_memalign$realtime$concurrent) refers to fdtree.o(i._FDTree_FindFirst) for _FDTree_FindFirst
    heap2mt.o(i._posix_memalign$realtime$concurrent) refers to init_alloc.o(.text) for __Heap_Full
    heap2mt.o(i._posix_memalign$realtime$concurrent) refers to fdtree.o(i._FDTree_RemoveNode) for _FDTree_RemoveNode
    heap2mt.o(i._posix_memalign$realtime$concurrent) refers to fdtree.o(i._FDTree_Insert) for _FDTree_Insert
    heap2mt.o(i._realloc$realtime$concurrent) refers to rt_heap_descriptor_intlibspace.o(.text) for __rt_heap_descriptor
    heap2mt.o(i._realloc$realtime$concurrent) refers to fdtree.o(i._FDTree_Insert) for _FDTree_Insert
    heap2mt.o(i._realloc$realtime$concurrent) refers to h1_free.o(.text) for free
    heap2mt.o(i._realloc$realtime$concurrent) refers to h1_alloc.o(.text) for malloc
    heap2mt.o(i._realloc$realtime$concurrent) refers to fdtree.o(i._FDTree_Delete) for _FDTree_Delete
    heap2mt.o(i._realloc$realtime$concurrent) refers to rt_memcpy_w.o(.text) for __aeabi_memcpy4
    abort.o(.text) refers to defsig_abrt_outer.o(.text) for __rt_SIGABRT
    abort.o(.text) refers (Weak) to libshutdown.o(.ARM.Collect$$libshutdown$$00000000) for __rt_lib_shutdown
    abort.o(.text) refers to sys_exit.o(.text) for _sys_exit
    defsig_rtmem_outer.o(.text) refers to defsig_rtmem_inner.o(.text) for __rt_SIGRTMEM_inner
    defsig_rtmem_outer.o(.text) refers to defsig_exit.o(.text) for __sig_exit
    defsig_rtmem_formal.o(.text) refers to rt_raise.o(.text) for __rt_raise
    sys_exit.o(.text) refers (Special) to use_no_semi.o(.text) for __I$use$semihosting
    sys_exit.o(.text) refers (Special) to indicate_semi.o(.text) for __semihosting_library_function
    rtexit2.o(.ARM.Collect$$rtexit$$00000003) refers to libshutdown.o(.ARM.Collect$$libshutdown$$00000000) for __rt_lib_shutdown
    rtexit2.o(.ARM.Collect$$rtexit$$00000004) refers to sys_exit.o(.text) for _sys_exit
    rtexit2.o(.ARM.exidx) refers to rtexit2.o(.ARM.Collect$$rtexit$$00000001) for .ARM.Collect$$rtexit$$00000001
    rtexit2.o(.ARM.exidx) refers to rtexit2.o(.ARM.Collect$$rtexit$$00000003) for .ARM.Collect$$rtexit$$00000003
    rtexit2.o(.ARM.exidx) refers to rtexit2.o(.ARM.Collect$$rtexit$$00000004) for .ARM.Collect$$rtexit$$00000004
    rt_raise.o(.text) refers to __raise.o(.text) for __raise
    rt_raise.o(.text) refers to sys_exit.o(.text) for _sys_exit
    rt_heap_descriptor.o(.text) refers to rt_heap_descriptor.o(.bss) for __rt_heap_descriptor_data
    rt_heap_descriptor_intlibspace.o(.text) refers to libspace.o(.bss) for __libspace_start
    init_alloc.o(.text) refers (Special) to hguard.o(.text) for __heap$guard
    init_alloc.o(.text) refers (Special) to libinit2.o(.ARM.Collect$$libinit$$00000005) for __rt_lib_init_heap_2
    init_alloc.o(.text) refers (Special) to maybetermalloc1.o(.emb_text) for _maybe_terminate_alloc
    init_alloc.o(.text) refers to h1_extend.o(.text) for __Heap_ProvideMemory
    init_alloc.o(.text) refers to defsig_rtmem_outer.o(.text) for __rt_SIGRTMEM
    init_alloc.o(.text) refers to rt_heap_descriptor_intlibspace.o(.text) for __rt_heap_descriptor
    init_alloc.o(.text) refers to h1_init.o(.text) for __Heap_Initialize
    h1_init_mt.o(.text) refers to mutex_dummy.o(.text) for _mutex_initialize
    defsig_exit.o(.text) refers to sys_exit.o(.text) for _sys_exit
    defsig_abrt_outer.o(.text) refers to defsig_abrt_inner.o(.text) for __rt_SIGABRT_inner
    defsig_abrt_outer.o(.text) refers to defsig_exit.o(.text) for __sig_exit
    defsig_abrt_formal.o(.text) refers to rt_raise.o(.text) for __rt_raise
    defsig_rtmem_inner.o(.text) refers to defsig_general.o(.text) for __default_signal_display
    _get_argv.o(.text) refers (Special) to hrguard.o(.text) for __heap_region$guard
    _get_argv.o(.text) refers to h1_alloc.o(.text) for malloc
    _get_argv.o(.text) refers to defsig_rtmem_outer.o(.text) for __rt_SIGRTMEM
    _get_argv.o(.text) refers to sys_command.o(.text) for _sys_command_string
    maybetermalloc2.o(.emb_text) refers (Special) to term_alloc.o(.text) for _terminate_alloc
    h1_extend.o(.text) refers to h1_free.o(.text) for free
    h1_extend_mt.o(.text) refers to h1_free_mt.o(.text) for _free_internal
    __raise.o(.text) refers to defsig.o(CL$$defsig) for __default_signal_handler
    defsig_general.o(.text) refers to sys_wrch.o(.text) for _ttywrch
    defsig_abrt_inner.o(.text) refers to defsig_general.o(.text) for __default_signal_display
    heapauxa.o(.text) refers to heapauxa.o(.data) for .data
    libshutdown.o(.ARM.Collect$$libshutdown$$00000000) refers (Special) to libshutdown2.o(.ARM.Collect$$libshutdown$$00000004) for __rt_lib_shutdown_cpp_1
    libshutdown.o(.ARM.Collect$$libshutdown$$00000000) refers (Special) to libshutdown2.o(.ARM.Collect$$libshutdown$$00000002) for __rt_lib_shutdown_fini_1
    libshutdown.o(.ARM.Collect$$libshutdown$$00000000) refers (Special) to libshutdown2.o(.ARM.Collect$$libshutdown$$00000009) for __rt_lib_shutdown_fp_trap_1
    libshutdown.o(.ARM.Collect$$libshutdown$$00000000) refers (Special) to libshutdown2.o(.ARM.Collect$$libshutdown$$00000011) for __rt_lib_shutdown_heap_1
    libshutdown.o(.ARM.Collect$$libshutdown$$00000000) refers (Special) to libshutdown2.o(.ARM.Collect$$libshutdown$$00000012) for __rt_lib_shutdown_return
    libshutdown.o(.ARM.Collect$$libshutdown$$00000000) refers (Special) to libshutdown2.o(.ARM.Collect$$libshutdown$$0000000C) for __rt_lib_shutdown_signal_1
    libshutdown.o(.ARM.Collect$$libshutdown$$00000000) refers (Special) to libshutdown2.o(.ARM.Collect$$libshutdown$$00000006) for __rt_lib_shutdown_stdio_1
    libshutdown.o(.ARM.Collect$$libshutdown$$00000000) refers (Special) to libshutdown2.o(.ARM.Collect$$libshutdown$$0000000E) for __rt_lib_shutdown_user_alloc_1
    sys_wrch.o(.text) refers (Special) to use_no_semi.o(.text) for __I$use$semihosting
    sys_wrch.o(.text) refers (Special) to indicate_semi.o(.text) for __semihosting_library_function
    term_alloc.o(.text) refers (Special) to libshutdown2.o(.ARM.Collect$$libshutdown$$00000010) for __rt_lib_shutdown_heap_2
    term_alloc.o(.text) refers to rt_heap_descriptor_intlibspace.o(.text) for __rt_heap_descriptor
    term_alloc.o(.text) refers to h1_final.o(.text) for __Heap_Finalize
    defsig.o(CL$$defsig) refers to defsig_abrt_inner.o(.text) for __rt_SIGABRT_inner
    defsig.o(CL$$defsig) refers to defsig_rtmem_inner.o(.text) for __rt_SIGRTMEM_inner
    libshutdown2.o(.ARM.Collect$$libshutdown$$0000000F) refers (Weak) to term_alloc.o(.text) for _terminate_alloc
    defsig_fpe_inner.o(.text) refers to defsig_general.o(.text) for __default_signal_display
    defsig_rtred_inner.o(.text) refers to defsig_general.o(.text) for __default_signal_display
    defsig_stak_inner.o(.text) refers to defsig_general.o(.text) for __default_signal_display
    defsig_pvfn_inner.o(.text) refers to defsig_general.o(.text) for __default_signal_display
    defsig_cppl_inner.o(.text) refers to defsig_general.o(.text) for __default_signal_display
    defsig_segv_inner.o(.text) refers to defsig_general.o(.text) for __default_signal_display
    defsig_other.o(.text) refers to defsig_general.o(.text) for __default_signal_display


==============================================================================

Removing Unused input sections from the image.

    Removing main.o(.ARM.exidx), (8 bytes).
    Removing dac.o(.ARM.exidx), (8 bytes).
    Removing random.o(.ARM.exidx), (8 bytes).
    Removing slidepot.o(.ARM.exidx), (8 bytes).
    Removing sound.o(.ARM.exidx), (8 bytes).
    Removing timer0.o(.ARM.exidx), (8 bytes).
    Removing timer1.o(.ARM.exidx), (8 bytes).
    Removing i2c3.o(.ARM.exidx), (8 bytes).
    Removing ssd1306.o(.ARM.exidx), (8 bytes).
    Removing texas.o(.ARM.exidx), (8 bytes).
    Removing timer2.o(.ARM.exidx), (8 bytes).
    Removing switch.o(.ARM.exidx), (8 bytes).
    Removing sprite.o(.ARM.exidx), (8 bytes).
    Removing powerups.o(.ARM.exidx), (8 bytes).

14 unused section(s) (total 112 bytes) removed from the image.

==============================================================================

Image Symbol Table

    Local Symbols

    Symbol Name                              Value     Ov Type        Size  Object(Section)

    RESET                                    0x00000000   Section      620  startup_tm4c123.o(RESET)
    ../../../clib/unwind_pr.c                0x00000000   Number         0  unwind_prcommon.o ABSOLUTE
    ../../../clib/unwind_pr.c                0x00000000   Number         0  unwind_pr0.o ABSOLUTE
    ../../../clib/unwinder.c                 0x00000000   Number         0  unwind_activity.o ABSOLUTE
    ../../../clib/unwinder.c                 0x00000000   Number         0  unwinder.o ABSOLUTE
    ../../../clib/unwinder.c                 0x00000000   Number         0  unwinder.o ABSOLUTE
    ../../../clib/unwinder.c                 0x00000000   Number         0  unwind_activity.o ABSOLUTE
    ../../array_helpers.cpp                  0x00000000   Number         0  aeabi_vec_ctor_nocookie_nodtor.o ABSOLUTE
    ../clib/angel/boardlib.s                 0x00000000   Number         0  boardinit3.o ABSOLUTE
    ../clib/angel/boardlib.s                 0x00000000   Number         0  boardinit1.o ABSOLUTE
    ../clib/angel/boardlib.s                 0x00000000   Number         0  boardinit2.o ABSOLUTE
    ../clib/angel/boardlib.s                 0x00000000   Number         0  boardshut.o ABSOLUTE
    ../clib/angel/handlers.s                 0x00000000   Number         0  __scatter_zi.o ABSOLUTE
    ../clib/angel/handlers.s                 0x00000000   Number         0  __scatter_copy.o ABSOLUTE
    ../clib/angel/kernel.s                   0x00000000   Number         0  __rtentry.o ABSOLUTE
    ../clib/angel/kernel.s                   0x00000000   Number         0  rtexit.o ABSOLUTE
    ../clib/angel/kernel.s                   0x00000000   Number         0  __rtentry2.o ABSOLUTE
    ../clib/angel/kernel.s                   0x00000000   Number         0  rtexit2.o ABSOLUTE
    ../clib/angel/kernel.s                   0x00000000   Number         0  __rtentry4.o ABSOLUTE
    ../clib/angel/rt.s                       0x00000000   Number         0  rt_heap_descriptor.o ABSOLUTE
    ../clib/angel/rt.s                       0x00000000   Number         0  rt_raise.o ABSOLUTE
    ../clib/angel/rt.s                       0x00000000   Number         0  rt_heap_descriptor_intlibspace.o ABSOLUTE
    ../clib/angel/scatter.s                  0x00000000   Number         0  __scatter.o ABSOLUTE
    ../clib/angel/startup.s                  0x00000000   Number         0  __main.o ABSOLUTE
    ../clib/angel/sys.s                      0x00000000   Number         0  libspace.o ABSOLUTE
    ../clib/angel/sys.s                      0x00000000   Number         0  indicate_semi.o ABSOLUTE
    ../clib/angel/sys.s                      0x00000000   Number         0  mutex_dummy.o ABSOLUTE
    ../clib/angel/sys.s                      0x00000000   Number         0  use_no_semi.o ABSOLUTE
    ../clib/angel/sys.s                      0x00000000   Number         0  sys_stackheap_outer.o ABSOLUTE
    ../clib/angel/sysapp.c                   0x00000000   Number         0  sys_command.o ABSOLUTE
    ../clib/angel/sysapp.c                   0x00000000   Number         0  sys_exit.o ABSOLUTE
    ../clib/angel/sysapp.c                   0x00000000   Number         0  sys_wrch.o ABSOLUTE
    ../clib/arm_runtime.c                    0x00000000   Number         0  init_aeabi.o ABSOLUTE
    ../clib/arm_runtime.c                    0x00000000   Number         0  init_aeabi.o ABSOLUTE
    ../clib/armsys.c                         0x00000000   Number         0  no_argv.o ABSOLUTE
    ../clib/armsys.c                         0x00000000   Number         0  _get_argv_nomalloc.o ABSOLUTE
    ../clib/armsys.c                         0x00000000   Number         0  argv_veneer.o ABSOLUTE
    ../clib/armsys.c                         0x00000000   Number         0  _get_argv.o ABSOLUTE
    ../clib/armsys.c                         0x00000000   Number         0  argv_veneer.o ABSOLUTE
    ../clib/heap1.c                          0x00000000   Number         0  h1_final_mt.o ABSOLUTE
    ../clib/heap1.c                          0x00000000   Number         0  h1_extend_mt.o ABSOLUTE
    ../clib/heap1.c                          0x00000000   Number         0  h1_final.o ABSOLUTE
    ../clib/heap1.c                          0x00000000   Number         0  h1_extend.o ABSOLUTE
    ../clib/heap1.c                          0x00000000   Number         0  h1_init_mt.o ABSOLUTE
    ../clib/heap1.c                          0x00000000   Number         0  h1_init.o ABSOLUTE
    ../clib/heap1.c                          0x00000000   Number         0  h1_free_mt.o ABSOLUTE
    ../clib/heap1.c                          0x00000000   Number         0  h1_alloc_mt.o ABSOLUTE
    ../clib/heap1.c                          0x00000000   Number         0  h1_free.o ABSOLUTE
    ../clib/heap1.c                          0x00000000   Number         0  h1_alloc.o ABSOLUTE
    ../clib/heap2.c                          0x00000000   Number         0  fdtree.o ABSOLUTE
    ../clib/heap2.c                          0x00000000   Number         0  heap2mt.o ABSOLUTE
    ../clib/heap2.c                          0x00000000   Number         0  heap2.o ABSOLUTE
    ../clib/heapalloc.c                      0x00000000   Number         0  term_alloc.o ABSOLUTE
    ../clib/heapalloc.c                      0x00000000   Number         0  maybetermalloc1.o ABSOLUTE
    ../clib/heapalloc.c                      0x00000000   Number         0  heapstubs.o ABSOLUTE
    ../clib/heapalloc.c                      0x00000000   Number         0  hguard.o ABSOLUTE
    ../clib/heapalloc.c                      0x00000000   Number         0  free.o ABSOLUTE
    ../clib/heapalloc.c                      0x00000000   Number         0  malloc.o ABSOLUTE
    ../clib/heapalloc.c                      0x00000000   Number         0  maybetermalloc2.o ABSOLUTE
    ../clib/heapalloc.c                      0x00000000   Number         0  hrguard.o ABSOLUTE
    ../clib/heapalloc.c                      0x00000000   Number         0  maybetermalloc2.o ABSOLUTE
    ../clib/heapalloc.c                      0x00000000   Number         0  init_alloc.o ABSOLUTE
    ../clib/heapalloc.c                      0x00000000   Number         0  maybetermalloc1.o ABSOLUTE
    ../clib/heapaux.c                        0x00000000   Number         0  heapauxa.o ABSOLUTE
    ../clib/heapaux.c                        0x00000000   Number         0  heapauxi.o ABSOLUTE
    ../clib/libinit.s                        0x00000000   Number         0  libshutdown.o ABSOLUTE
    ../clib/libinit.s                        0x00000000   Number         0  libinit2.o ABSOLUTE
    ../clib/libinit.s                        0x00000000   Number         0  libinit.o ABSOLUTE
    ../clib/libinit.s                        0x00000000   Number         0  libshutdown2.o ABSOLUTE
    ../clib/memcpset.s                       0x00000000   Number         0  rt_memcpy_w.o ABSOLUTE
    ../clib/signal.c                         0x00000000   Number         0  defsig_other.o ABSOLUTE
    ../clib/signal.c                         0x00000000   Number         0  defsig_abrt_outer.o ABSOLUTE
    ../clib/signal.c                         0x00000000   Number         0  defsig_segv_inner.o ABSOLUTE
    ../clib/signal.c                         0x00000000   Number         0  defsig_cppl_inner.o ABSOLUTE
    ../clib/signal.c                         0x00000000   Number         0  defsig_stak_inner.o ABSOLUTE
    ../clib/signal.c                         0x00000000   Number         0  defsig_rtred_inner.o ABSOLUTE
    ../clib/signal.c                         0x00000000   Number         0  defsig_rtmem_outer.o ABSOLUTE
    ../clib/signal.c                         0x00000000   Number         0  defsig_rtmem_formal.o ABSOLUTE
    ../clib/signal.c                         0x00000000   Number         0  defsig_exit.o ABSOLUTE
    ../clib/signal.c                         0x00000000   Number         0  __raise.o ABSOLUTE
    ../clib/signal.c                         0x00000000   Number         0  defsig_abrt_formal.o ABSOLUTE
    ../clib/signal.c                         0x00000000   Number         0  defsig_general.o ABSOLUTE
    ../clib/signal.c                         0x00000000   Number         0  defsig_rtmem_inner.o ABSOLUTE
    ../clib/signal.c                         0x00000000   Number         0  defsig_fpe_inner.o ABSOLUTE
    ../clib/signal.c                         0x00000000   Number         0  defsig_abrt_inner.o ABSOLUTE
    ../clib/signal.c                         0x00000000   Number         0  defsig_pvfn_inner.o ABSOLUTE
    ../clib/signal.s                         0x00000000   Number         0  defsig.o ABSOLUTE
    ../clib/stdlib.c                         0x00000000   Number         0  exit.o ABSOLUTE
    ../clib/stdlib.c                         0x00000000   Number         0  bsearchnoex.o ABSOLUTE
    ../clib/stdlib.c                         0x00000000   Number         0  abort.o ABSOLUTE
    ../fplib/fpinit.s                        0x00000000   Number         0  fpinit.o ABSOLUTE
    DAC.cpp                                  0x00000000   Number         0  dac.o ABSOLUTE
    I2C3.cpp                                 0x00000000   Number         0  i2c3.o ABSOLUTE
    SSD1306.cpp                              0x00000000   Number         0  ssd1306.o ABSOLUTE
    SlidePot.cpp                             0x00000000   Number         0  slidepot.o ABSOLUTE
    Sound.cpp                                0x00000000   Number         0  sound.o ABSOLUTE
    Sprite.cpp                               0x00000000   Number         0  sprite.o ABSOLUTE
    Switch.cpp                               0x00000000   Number         0  switch.o ABSOLUTE
    TExaS.cpp                                0x00000000   Number         0  texas.o ABSOLUTE
    Timer0.cpp                               0x00000000   Number         0  timer0.o ABSOLUTE
    Timer1.cpp                               0x00000000   Number         0  timer1.o ABSOLUTE
    Timer2.cpp                               0x00000000   Number         0  timer2.o ABSOLUTE
    dc.s                                     0x00000000   Number         0  dc.o ABSOLUTE
    main.cpp                                 0x00000000   Number         0  main.o ABSOLUTE
    powerups.cpp                             0x00000000   Number         0  powerups.o ABSOLUTE
    random.cpp                               0x00000000   Number         0  random.o ABSOLUTE
    startup_TM4C123.s                        0x00000000   Number         0  startup_tm4c123.o ABSOLUTE
    !!!main                                  0x0000026c   Section        8  __main.o(!!!main)
    !!!scatter                               0x00000274   Section       52  __scatter.o(!!!scatter)
    !!handler_copy                           0x000002a8   Section       26  __scatter_copy.o(!!handler_copy)
    !!handler_zi                             0x000002c4   Section       28  __scatter_zi.o(!!handler_zi)
    .ARM.Collect$$libinit$$00000000          0x000002e0   Section        2  libinit.o(.ARM.Collect$$libinit$$00000000)
    .ARM.Collect$$libinit$$00000002          0x000002e2   Section        0  libinit2.o(.ARM.Collect$$libinit$$00000002)
    .ARM.Collect$$libinit$$00000004          0x000002e2   Section        0  libinit2.o(.ARM.Collect$$libinit$$00000004)
    .ARM.Collect$$libinit$$0000000A          0x000002e2   Section        0  libinit2.o(.ARM.Collect$$libinit$$0000000A)
    .ARM.Collect$$libinit$$0000000C          0x000002e2   Section        0  libinit2.o(.ARM.Collect$$libinit$$0000000C)
    .ARM.Collect$$libinit$$0000000E          0x000002e2   Section        0  libinit2.o(.ARM.Collect$$libinit$$0000000E)
    .ARM.Collect$$libinit$$00000011          0x000002e2   Section        0  libinit2.o(.ARM.Collect$$libinit$$00000011)
    .ARM.Collect$$libinit$$00000013          0x000002e2   Section        0  libinit2.o(.ARM.Collect$$libinit$$00000013)
    .ARM.Collect$$libinit$$00000015          0x000002e2   Section        0  libinit2.o(.ARM.Collect$$libinit$$00000015)
    .ARM.Collect$$libinit$$00000017          0x000002e2   Section        0  libinit2.o(.ARM.Collect$$libinit$$00000017)
    .ARM.Collect$$libinit$$00000019          0x000002e2   Section        0  libinit2.o(.ARM.Collect$$libinit$$00000019)
    .ARM.Collect$$libinit$$0000001B          0x000002e2   Section        0  libinit2.o(.ARM.Collect$$libinit$$0000001B)
    .ARM.Collect$$libinit$$0000001D          0x000002e2   Section        0  libinit2.o(.ARM.Collect$$libinit$$0000001D)
    .ARM.Collect$$libinit$$0000001F          0x000002e2   Section        0  libinit2.o(.ARM.Collect$$libinit$$0000001F)
    .ARM.Collect$$libinit$$00000021          0x000002e2   Section        0  libinit2.o(.ARM.Collect$$libinit$$00000021)
    .ARM.Collect$$libinit$$00000023          0x000002e2   Section        0  libinit2.o(.ARM.Collect$$libinit$$00000023)
    .ARM.Collect$$libinit$$00000025          0x000002e2   Section        0  libinit2.o(.ARM.Collect$$libinit$$00000025)
    .ARM.Collect$$libinit$$0000002C          0x000002e2   Section        0  libinit2.o(.ARM.Collect$$libinit$$0000002C)
    .ARM.Collect$$libinit$$0000002E          0x000002e2   Section        0  libinit2.o(.ARM.Collect$$libinit$$0000002E)
    .ARM.Collect$$libinit$$00000030          0x000002e2   Section        0  libinit2.o(.ARM.Collect$$libinit$$00000030)
    .ARM.Collect$$libinit$$00000031          0x000002e2   Section        4  libinit2.o(.ARM.Collect$$libinit$$00000031)
    .ARM.Collect$$libinit$$00000032          0x000002e6   Section        0  libinit2.o(.ARM.Collect$$libinit$$00000032)
    .ARM.Collect$$libinit$$00000033          0x000002e6   Section        2  libinit2.o(.ARM.Collect$$libinit$$00000033)
    .ARM.Collect$$libshutdown$$00000000      0x000002e8   Section        2  libshutdown.o(.ARM.Collect$$libshutdown$$00000000)
    .ARM.Collect$$libshutdown$$00000002      0x000002ea   Section        0  libshutdown2.o(.ARM.Collect$$libshutdown$$00000002)
    .ARM.Collect$$libshutdown$$00000004      0x000002ea   Section        0  libshutdown2.o(.ARM.Collect$$libshutdown$$00000004)
    .ARM.Collect$$libshutdown$$00000006      0x000002ea   Section        0  libshutdown2.o(.ARM.Collect$$libshutdown$$00000006)
    .ARM.Collect$$libshutdown$$00000009      0x000002ea   Section        0  libshutdown2.o(.ARM.Collect$$libshutdown$$00000009)
    .ARM.Collect$$libshutdown$$0000000C      0x000002ea   Section        0  libshutdown2.o(.ARM.Collect$$libshutdown$$0000000C)
    .ARM.Collect$$libshutdown$$0000000E      0x000002ea   Section        0  libshutdown2.o(.ARM.Collect$$libshutdown$$0000000E)
    .ARM.Collect$$libshutdown$$00000011      0x000002ea   Section        0  libshutdown2.o(.ARM.Collect$$libshutdown$$00000011)
    .ARM.Collect$$libshutdown$$00000012      0x000002ea   Section        2  libshutdown2.o(.ARM.Collect$$libshutdown$$00000012)
    .ARM.Collect$$rtentry$$00000000          0x000002ec   Section        0  __rtentry.o(.ARM.Collect$$rtentry$$00000000)
    .ARM.Collect$$rtentry$$00000002          0x000002ec   Section        0  __rtentry2.o(.ARM.Collect$$rtentry$$00000002)
    .ARM.Collect$$rtentry$$00000004          0x000002ec   Section        6  __rtentry4.o(.ARM.Collect$$rtentry$$00000004)
    .ARM.Collect$$rtentry$$00000009          0x000002f2   Section        0  __rtentry2.o(.ARM.Collect$$rtentry$$00000009)
    .ARM.Collect$$rtentry$$0000000A          0x000002f2   Section        4  __rtentry2.o(.ARM.Collect$$rtentry$$0000000A)
    .ARM.Collect$$rtentry$$0000000C          0x000002f6   Section        0  __rtentry2.o(.ARM.Collect$$rtentry$$0000000C)
    .ARM.Collect$$rtentry$$0000000D          0x000002f6   Section        8  __rtentry2.o(.ARM.Collect$$rtentry$$0000000D)
    .ARM.Collect$$rtexit$$00000000           0x000002fe   Section        2  rtexit.o(.ARM.Collect$$rtexit$$00000000)
    .ARM.Collect$$rtexit$$00000002           0x00000300   Section        0  rtexit2.o(.ARM.Collect$$rtexit$$00000002)
    .ARM.Collect$$rtexit$$00000003           0x00000300   Section        4  rtexit2.o(.ARM.Collect$$rtexit$$00000003)
    .ARM.Collect$$rtexit$$00000004           0x00000304   Section        6  rtexit2.o(.ARM.Collect$$rtexit$$00000004)
    .text                                    0x0000030c   Section      296  startup_tm4c123.o(.text)
    .text                                    0x00000434   Section        0  main.o(.text)
    __sti___8_main_cpp_b81b5551              0x00001a91   Thumb Code   122  main.o(.text)
    .text                                    0x00001b34   Section        0  dac.o(.text)
    .text                                    0x00001b7c   Section        0  random.o(.text)
    .text                                    0x00001bbc   Section        0  slidepot.o(.text)
    .text                                    0x00001cfc   Section        0  sound.o(.text)
    .text                                    0x00001d6c   Section        0  timer0.o(.text)
    .text                                    0x00001ddc   Section        0  timer1.o(.text)
    .text                                    0x00001e4c   Section        0  i2c3.o(.text)
    .text                                    0x00002404   Section        0  ssd1306.o(.text)
    .text                                    0x000035e0   Section        0  texas.o(.text)
    .text                                    0x00003864   Section        0  timer2.o(.text)
    .text                                    0x000038d4   Section        0  switch.o(.text)
    .text                                    0x0000396c   Section        0  sprite.o(.text)
    .text                                    0x00003ac8   Section        0  powerups.o(.text)
    .text                                    0x00003bec   Section      100  rt_memcpy_w.o(.text)
    .text                                    0x00003c50   Section        0  heapauxi.o(.text)
    .text                                    0x00003c58   Section        0  init_aeabi.o(.text)
    .text                                    0x00003c7c   Section       74  sys_stackheap_outer.o(.text)
    .text                                    0x00003cc6   Section        0  exit.o(.text)
    .text                                    0x00003cd8   Section        8  libspace.o(.text)
    .text                                    0x00003ce0   Section        0  sys_exit.o(.text)
    .text                                    0x00003cec   Section        2  use_no_semi.o(.text)
    .text                                    0x00003cee   Section        0  indicate_semi.o(.text)
    i.__aeabi_vec_ctor_nocookie_nodtor       0x00003cee   Section        0  aeabi_vec_ctor_nocookie_nodtor.o(i.__aeabi_vec_ctor_nocookie_nodtor)
    .constdata                               0x00003d12   Section    13241  main.o(.constdata)
    biggerReflector                          0x00003d12   Data         215  main.o(.constdata)
    PongLeaderboard                          0x00003de9   Data         647  main.o(.constdata)
    reflector                                0x00004070   Data         183  main.o(.constdata)
    ball                                     0x00004127   Data         135  main.o(.constdata)
    antiball                                 0x000041ae   Data         135  main.o(.constdata)
    Laser0                                   0x00004235   Data         127  main.o(.constdata)
    PongScreen1                              0x000042b4   Data         191  main.o(.constdata)
    PongScreen2                              0x00004373   Data         359  main.o(.constdata)
    PongScreen3                              0x000044da   Data         695  main.o(.constdata)
    PongScreen4                              0x00004791   Data        1079  main.o(.constdata)
    PongScreen5                              0x00004bc8   Data        1079  main.o(.constdata)
    PongScreen6                              0x00004fff   Data        1079  main.o(.constdata)
    PongScreen7                              0x00005436   Data        1079  main.o(.constdata)
    PongScreen8                              0x0000586d   Data        1079  main.o(.constdata)
    PongScreen9                              0x00005ca4   Data        1079  main.o(.constdata)
    shoot                                    0x000060db   Data        4080  main.o(.constdata)
    .constdata                               0x000070cb   Section     1443  ssd1306.o(.constdata)
    ASCII                                    0x000070cb   Data        1374  ssd1306.o(.constdata)
    init1                                    0x00007629   Data           5  ssd1306.o(.constdata)
    init2                                    0x0000762e   Data           5  ssd1306.o(.constdata)
    init3                                    0x00007633   Data           5  ssd1306.o(.constdata)
    init4b                                   0x00007638   Data           4  ssd1306.o(.constdata)
    init5                                    0x0000763c   Data           7  ssd1306.o(.constdata)
    premask                                  0x00007643   Data           8  ssd1306.o(.constdata)
    postmask                                 0x0000764b   Data           8  ssd1306.o(.constdata)
    dlist1                                   0x00007653   Data           5  ssd1306.o(.constdata)
    scrollList1a                             0x00007658   Data           2  ssd1306.o(.constdata)
    scrollList1b                             0x0000765a   Data           3  ssd1306.o(.constdata)
    scrollList2a                             0x0000765d   Data           2  ssd1306.o(.constdata)
    scrollList2b                             0x0000765f   Data           3  ssd1306.o(.constdata)
    scrollList3a                             0x00007662   Data           2  ssd1306.o(.constdata)
    scrollList3b                             0x00007664   Data           2  ssd1306.o(.constdata)
    scrollList3c                             0x00007666   Data           2  ssd1306.o(.constdata)
    scrollList4a                             0x00007668   Data           2  ssd1306.o(.constdata)
    scrollList4b                             0x0000766a   Data           2  ssd1306.o(.constdata)
    scrollList4c                             0x0000766c   Data           2  ssd1306.o(.constdata)
    .constdata                               0x0000766e   Section      135  powerups.o(.constdata)
    antiball                                 0x0000766e   Data         135  powerups.o(.constdata)
    .init_array                              0x00007718   Section        4  main.o(.init_array)
    .init_array                              0x0000771c   Section        0  init_aeabi.o(.init_array)
    .data                                    0x20000000   Section       24  main.o(.data)
    .data                                    0x20000018   Section        4  random.o(.data)
    M                                        0x20000018   Data           4  random.o(.data)
    .data                                    0x2000001c   Section       12  sound.o(.data)
    .data                                    0x20000028   Section        4  timer0.o(.data)
    .data                                    0x2000002c   Section        4  timer1.o(.data)
    .data                                    0x20000030   Section       42  ssd1306.o(.data)
    DeltaX                                   0x20000038   Data           4  ssd1306.o(.data)
    MaxX                                     0x2000003c   Data           4  ssd1306.o(.data)
    MinX                                     0x20000040   Data           4  ssd1306.o(.data)
    DeltaY                                   0x20000044   Data           4  ssd1306.o(.data)
    MaxY                                     0x20000048   Data           4  ssd1306.o(.data)
    MinY                                     0x2000004c   Data           4  ssd1306.o(.data)
    PlotColor                                0x20000050   Data           2  ssd1306.o(.data)
    .data                                    0x2000005c   Section        4  texas.o(.data)
    .data                                    0x20000060   Section        4  timer2.o(.data)
    .bss                                     0x20000064   Section     1656  main.o(.bss)
    .bss                                     0x200006dc   Section     1024  ssd1306.o(.bss)
    .bss                                     0x20000adc   Section       96  libspace.o(.bss)
    HEAP                                     0x20000b40   Section     1024  startup_tm4c123.o(HEAP)
    Heap_Mem                                 0x20000b40   Data        1024  startup_tm4c123.o(HEAP)
    STACK                                    0x20000f40   Section     1024  startup_tm4c123.o(STACK)
    Stack_Mem                                0x20000f40   Data        1024  startup_tm4c123.o(STACK)
    __initial_sp                             0x20001340   Data           0  startup_tm4c123.o(STACK)

    Global Symbols

    Symbol Name                              Value     Ov Type        Size  Object(Section)

    BuildAttributes$$THM_ISAv4$E$P$D$K$B$S$7EM$PE$A:L22UL41UL21$X:L11$S22US41US21$IEEE1$IW$USESV6$~STKCKD$USESV7$~SHL$OTIME$ROPI$EBA8$UX$STANDARDLIB$REQ8$PRES8$EABIv2 0x00000000   Number         0  anon$$obj.o ABSOLUTE
    __ARM_use_no_argv                        0x00000000   Number         0  main.o ABSOLUTE
    __Vectors                                0x00000000   Data           4  startup_tm4c123.o(RESET)
    SHT$$ARM_EXIDX$$Base                      - Undefined Reference
    SHT$$ARM_EXIDX$$Limit                     - Undefined Reference
    __ARM_exceptions_init                     - Undefined Weak Reference
    __aeabi_unwind_cpp_pr1                    - Undefined Weak Reference
    __aeabi_unwind_cpp_pr2                    - Undefined Weak Reference
    __alloca_initialize                       - Undefined Weak Reference
    __arm_fini_                               - Undefined Weak Reference
    __arm_preinit_                            - Undefined Weak Reference
    __cxa_begin_cleanup                       - Undefined Weak Reference
    __cxa_call_unexpected                     - Undefined Weak Reference
    __cxa_finalize                            - Undefined Weak Reference
    __cxa_type_match                          - Undefined Weak Reference
    __rt_locale                               - Undefined Weak Reference
    __sigvec_lookup                           - Undefined Weak Reference
    __user_heap_extent                        - Undefined Weak Reference
    _atexit_init                              - Undefined Weak Reference
    _call_atexit_fns                          - Undefined Weak Reference
    _clock_init                               - Undefined Weak Reference
    _fp_trap_init                             - Undefined Weak Reference
    _fp_trap_shutdown                         - Undefined Weak Reference
    _get_lc_collate                           - Undefined Weak Reference
    _get_lc_ctype                             - Undefined Weak Reference
    _get_lc_monetary                          - Undefined Weak Reference
    _get_lc_numeric                           - Undefined Weak Reference
    _get_lc_time                              - Undefined Weak Reference
    _getenv_init                              - Undefined Weak Reference
    _handle_redirection                       - Undefined Weak Reference
    _initio                                   - Undefined Weak Reference
    _mutex_acquire                            - Undefined Weak Reference
    _mutex_free                               - Undefined Weak Reference
    _mutex_release                            - Undefined Weak Reference
    _rand_init                                - Undefined Weak Reference
    _signal_finish                            - Undefined Weak Reference
    _signal_init                              - Undefined Weak Reference
    _terminateio                              - Undefined Weak Reference
    __Vectors_End                            0x0000026c   Data           0  startup_tm4c123.o(RESET)
    __Vectors_Size                           0x0000026c   Number         0  startup_tm4c123.o ABSOLUTE
    __main                                   0x0000026d   Thumb Code     8  __main.o(!!!main)
    __scatterload                            0x00000275   Thumb Code     0  __scatter.o(!!!scatter)
    __scatterload_rt2                        0x00000275   Thumb Code    44  __scatter.o(!!!scatter)
    __scatterload_rt2_thumb_only             0x00000275   Thumb Code     0  __scatter.o(!!!scatter)
    __scatterload_null                       0x00000283   Thumb Code     0  __scatter.o(!!!scatter)
    __scatterload_copy                       0x000002a9   Thumb Code    26  __scatter_copy.o(!!handler_copy)
    __scatterload_zeroinit                   0x000002c5   Thumb Code    28  __scatter_zi.o(!!handler_zi)
    __rt_lib_init                            0x000002e1   Thumb Code     0  libinit.o(.ARM.Collect$$libinit$$00000000)
    __rt_lib_init_alloca_1                   0x000002e3   Thumb Code     0  libinit2.o(.ARM.Collect$$libinit$$0000002E)
    __rt_lib_init_argv_1                     0x000002e3   Thumb Code     0  libinit2.o(.ARM.Collect$$libinit$$0000002C)
    __rt_lib_init_atexit_1                   0x000002e3   Thumb Code     0  libinit2.o(.ARM.Collect$$libinit$$0000001B)
    __rt_lib_init_clock_1                    0x000002e3   Thumb Code     0  libinit2.o(.ARM.Collect$$libinit$$00000021)
    __rt_lib_init_cpp_2                      0x000002e3   Thumb Code     0  libinit2.o(.ARM.Collect$$libinit$$00000031)
    __rt_lib_init_exceptions_1               0x000002e3   Thumb Code     0  libinit2.o(.ARM.Collect$$libinit$$00000030)
    __rt_lib_init_fp_1                       0x000002e3   Thumb Code     0  libinit2.o(.ARM.Collect$$libinit$$00000002)
    __rt_lib_init_fp_trap_1                  0x000002e3   Thumb Code     0  libinit2.o(.ARM.Collect$$libinit$$0000001F)
    __rt_lib_init_getenv_1                   0x000002e3   Thumb Code     0  libinit2.o(.ARM.Collect$$libinit$$00000023)
    __rt_lib_init_heap_1                     0x000002e3   Thumb Code     0  libinit2.o(.ARM.Collect$$libinit$$0000000A)
    __rt_lib_init_lc_collate_1               0x000002e3   Thumb Code     0  libinit2.o(.ARM.Collect$$libinit$$00000011)
    __rt_lib_init_lc_ctype_1                 0x000002e3   Thumb Code     0  libinit2.o(.ARM.Collect$$libinit$$00000013)
    __rt_lib_init_lc_monetary_1              0x000002e3   Thumb Code     0  libinit2.o(.ARM.Collect$$libinit$$00000015)
    __rt_lib_init_lc_numeric_1               0x000002e3   Thumb Code     0  libinit2.o(.ARM.Collect$$libinit$$00000017)
    __rt_lib_init_lc_time_1                  0x000002e3   Thumb Code     0  libinit2.o(.ARM.Collect$$libinit$$00000019)
    __rt_lib_init_preinit_1                  0x000002e3   Thumb Code     0  libinit2.o(.ARM.Collect$$libinit$$00000004)
    __rt_lib_init_rand_1                     0x000002e3   Thumb Code     0  libinit2.o(.ARM.Collect$$libinit$$0000000E)
    __rt_lib_init_signal_1                   0x000002e3   Thumb Code     0  libinit2.o(.ARM.Collect$$libinit$$0000001D)
    __rt_lib_init_stdio_1                    0x000002e3   Thumb Code     0  libinit2.o(.ARM.Collect$$libinit$$00000025)
    __rt_lib_init_user_alloc_1               0x000002e3   Thumb Code     0  libinit2.o(.ARM.Collect$$libinit$$0000000C)
    __rt_lib_init_cpp_1                      0x000002e7   Thumb Code     0  libinit2.o(.ARM.Collect$$libinit$$00000032)
    __rt_lib_init_return                     0x000002e7   Thumb Code     0  libinit2.o(.ARM.Collect$$libinit$$00000033)
    __rt_lib_shutdown                        0x000002e9   Thumb Code     0  libshutdown.o(.ARM.Collect$$libshutdown$$00000000)
    __rt_lib_shutdown_cpp_1                  0x000002eb   Thumb Code     0  libshutdown2.o(.ARM.Collect$$libshutdown$$00000004)
    __rt_lib_shutdown_fini_1                 0x000002eb   Thumb Code     0  libshutdown2.o(.ARM.Collect$$libshutdown$$00000002)
    __rt_lib_shutdown_fp_trap_1              0x000002eb   Thumb Code     0  libshutdown2.o(.ARM.Collect$$libshutdown$$00000009)
    __rt_lib_shutdown_heap_1                 0x000002eb   Thumb Code     0  libshutdown2.o(.ARM.Collect$$libshutdown$$00000011)
    __rt_lib_shutdown_return                 0x000002eb   Thumb Code     0  libshutdown2.o(.ARM.Collect$$libshutdown$$00000012)
    __rt_lib_shutdown_signal_1               0x000002eb   Thumb Code     0  libshutdown2.o(.ARM.Collect$$libshutdown$$0000000C)
    __rt_lib_shutdown_stdio_1                0x000002eb   Thumb Code     0  libshutdown2.o(.ARM.Collect$$libshutdown$$00000006)
    __rt_lib_shutdown_user_alloc_1           0x000002eb   Thumb Code     0  libshutdown2.o(.ARM.Collect$$libshutdown$$0000000E)
    __rt_entry                               0x000002ed   Thumb Code     0  __rtentry.o(.ARM.Collect$$rtentry$$00000000)
    __rt_entry_presh_1                       0x000002ed   Thumb Code     0  __rtentry2.o(.ARM.Collect$$rtentry$$00000002)
    __rt_entry_sh                            0x000002ed   Thumb Code     0  __rtentry4.o(.ARM.Collect$$rtentry$$00000004)
    __rt_entry_li                            0x000002f3   Thumb Code     0  __rtentry2.o(.ARM.Collect$$rtentry$$0000000A)
    __rt_entry_postsh_1                      0x000002f3   Thumb Code     0  __rtentry2.o(.ARM.Collect$$rtentry$$00000009)
    __rt_entry_main                          0x000002f7   Thumb Code     0  __rtentry2.o(.ARM.Collect$$rtentry$$0000000D)
    __rt_entry_postli_1                      0x000002f7   Thumb Code     0  __rtentry2.o(.ARM.Collect$$rtentry$$0000000C)
    __rt_exit                                0x000002ff   Thumb Code     0  rtexit.o(.ARM.Collect$$rtexit$$00000000)
    __rt_exit_ls                             0x00000301   Thumb Code     0  rtexit2.o(.ARM.Collect$$rtexit$$00000003)
    __rt_exit_prels_1                        0x00000301   Thumb Code     0  rtexit2.o(.ARM.Collect$$rtexit$$00000002)
    __rt_exit_exit                           0x00000305   Thumb Code     0  rtexit2.o(.ARM.Collect$$rtexit$$00000004)
    Reset_Handler                            0x0000030d   Thumb Code     4  startup_tm4c123.o(.text)
    DisableInterrupts                        0x00000311   Thumb Code     4  startup_tm4c123.o(.text)
    EnableInterrupts                         0x00000315   Thumb Code     4  startup_tm4c123.o(.text)
    StartCritical                            0x00000319   Thumb Code     8  startup_tm4c123.o(.text)
    EndCritical                              0x00000321   Thumb Code     6  startup_tm4c123.o(.text)
    WaitForInterrupt                         0x00000327   Thumb Code     4  startup_tm4c123.o(.text)
    NMI_Handler                              0x0000032b   Thumb Code     2  startup_tm4c123.o(.text)
    HardFault_Handler                        0x0000032d   Thumb Code     2  startup_tm4c123.o(.text)
    MemManage_Handler                        0x0000032f   Thumb Code     2  startup_tm4c123.o(.text)
    BusFault_Handler                         0x00000331   Thumb Code     2  startup_tm4c123.o(.text)
    UsageFault_Handler                       0x00000333   Thumb Code     2  startup_tm4c123.o(.text)
    SVC_Handler                              0x00000335   Thumb Code     2  startup_tm4c123.o(.text)
    DebugMon_Handler                         0x00000337   Thumb Code     2  startup_tm4c123.o(.text)
    PendSV_Handler                           0x00000339   Thumb Code     2  startup_tm4c123.o(.text)
    GPIOB_Handler                            0x0000033f   Thumb Code     2  startup_tm4c123.o(.text)
    GPIOC_Handler                            0x00000341   Thumb Code     2  startup_tm4c123.o(.text)
    GPIOD_Handler                            0x00000343   Thumb Code     2  startup_tm4c123.o(.text)
    GPIOE_Handler                            0x00000345   Thumb Code     2  startup_tm4c123.o(.text)
    UART0_Handler                            0x00000347   Thumb Code     2  startup_tm4c123.o(.text)
    UART1_Handler                            0x00000349   Thumb Code     2  startup_tm4c123.o(.text)
    SSI0_Handler                             0x0000034b   Thumb Code     2  startup_tm4c123.o(.text)
    I2C0_Handler                             0x0000034d   Thumb Code     2  startup_tm4c123.o(.text)
    PMW0_FAULT_Handler                       0x0000034f   Thumb Code     2  startup_tm4c123.o(.text)
    PWM0_0_Handler                           0x00000351   Thumb Code     2  startup_tm4c123.o(.text)
    PWM0_1_Handler                           0x00000353   Thumb Code     2  startup_tm4c123.o(.text)
    PWM0_2_Handler                           0x00000355   Thumb Code     2  startup_tm4c123.o(.text)
    QEI0_Handler                             0x00000357   Thumb Code     2  startup_tm4c123.o(.text)
    ADC0SS0_Handler                          0x00000359   Thumb Code     2  startup_tm4c123.o(.text)
    ADC0SS1_Handler                          0x0000035b   Thumb Code     2  startup_tm4c123.o(.text)
    ADC0SS2_Handler                          0x0000035d   Thumb Code     2  startup_tm4c123.o(.text)
    ADC0SS3_Handler                          0x0000035f   Thumb Code     2  startup_tm4c123.o(.text)
    WDT0_Handler                             0x00000361   Thumb Code     2  startup_tm4c123.o(.text)
    TIMER0B_Handler                          0x00000365   Thumb Code     2  startup_tm4c123.o(.text)
    TIMER1B_Handler                          0x00000369   Thumb Code     2  startup_tm4c123.o(.text)
    TIMER2B_Handler                          0x0000036d   Thumb Code     2  startup_tm4c123.o(.text)
    COMP0_Handler                            0x0000036f   Thumb Code     2  startup_tm4c123.o(.text)
    COMP1_Handler                            0x00000371   Thumb Code     2  startup_tm4c123.o(.text)
    COMP2_Handler                            0x00000373   Thumb Code     2  startup_tm4c123.o(.text)
    SYSCTL_Handler                           0x00000375   Thumb Code     2  startup_tm4c123.o(.text)
    FLASH_Handler                            0x00000377   Thumb Code     2  startup_tm4c123.o(.text)
    GPIOG_Handler                            0x0000037b   Thumb Code     2  startup_tm4c123.o(.text)
    GPIOH_Handler                            0x0000037d   Thumb Code     2  startup_tm4c123.o(.text)
    UART2_Handler                            0x0000037f   Thumb Code     2  startup_tm4c123.o(.text)
    SSI1_Handler                             0x00000381   Thumb Code     2  startup_tm4c123.o(.text)
    TIMER3A_Handler                          0x00000383   Thumb Code     2  startup_tm4c123.o(.text)
    TIMER3B_Handler                          0x00000385   Thumb Code     2  startup_tm4c123.o(.text)
    I2C1_Handler                             0x00000387   Thumb Code     2  startup_tm4c123.o(.text)
    QEI1_Handler                             0x00000389   Thumb Code     2  startup_tm4c123.o(.text)
    CAN0_Handler                             0x0000038b   Thumb Code     2  startup_tm4c123.o(.text)
    CAN1_Handler                             0x0000038d   Thumb Code     2  startup_tm4c123.o(.text)
    CAN2_Handler                             0x0000038f   Thumb Code     2  startup_tm4c123.o(.text)
    HIB_Handler                              0x00000391   Thumb Code     2  startup_tm4c123.o(.text)
    USB0_Handler                             0x00000393   Thumb Code     2  startup_tm4c123.o(.text)
    PWM0_3_Handler                           0x00000395   Thumb Code     2  startup_tm4c123.o(.text)
    UDMA_Handler                             0x00000397   Thumb Code     2  startup_tm4c123.o(.text)
    UDMAERR_Handler                          0x00000399   Thumb Code     2  startup_tm4c123.o(.text)
    ADC1SS0_Handler                          0x0000039b   Thumb Code     2  startup_tm4c123.o(.text)
    ADC1SS1_Handler                          0x0000039d   Thumb Code     2  startup_tm4c123.o(.text)
    ADC1SS2_Handler                          0x0000039f   Thumb Code     2  startup_tm4c123.o(.text)
    ADC1SS3_Handler                          0x000003a1   Thumb Code     2  startup_tm4c123.o(.text)
    GPIOJ_Handler                            0x000003a3   Thumb Code     2  startup_tm4c123.o(.text)
    GPIOK_Handler                            0x000003a5   Thumb Code     2  startup_tm4c123.o(.text)
    GPIOL_Handler                            0x000003a7   Thumb Code     2  startup_tm4c123.o(.text)
    SSI2_Handler                             0x000003a9   Thumb Code     2  startup_tm4c123.o(.text)
    SSI3_Handler                             0x000003ab   Thumb Code     2  startup_tm4c123.o(.text)
    UART3_Handler                            0x000003ad   Thumb Code     2  startup_tm4c123.o(.text)
    UART4_Handler                            0x000003af   Thumb Code     2  startup_tm4c123.o(.text)
    UART5_Handler                            0x000003b1   Thumb Code     2  startup_tm4c123.o(.text)
    UART6_Handler                            0x000003b3   Thumb Code     2  startup_tm4c123.o(.text)
    UART7_Handler                            0x000003b5   Thumb Code     2  startup_tm4c123.o(.text)
    I2C2_Handler                             0x000003b7   Thumb Code     2  startup_tm4c123.o(.text)
    I2C3_Handler                             0x000003b9   Thumb Code     2  startup_tm4c123.o(.text)
    TIMER4A_Handler                          0x000003bb   Thumb Code     2  startup_tm4c123.o(.text)
    TIMER4B_Handler                          0x000003bd   Thumb Code     2  startup_tm4c123.o(.text)
    TIMER5B_Handler                          0x000003c1   Thumb Code     2  startup_tm4c123.o(.text)
    WTIMER0A_Handler                         0x000003c3   Thumb Code     2  startup_tm4c123.o(.text)
    WTIMER0B_Handler                         0x000003c5   Thumb Code     2  startup_tm4c123.o(.text)
    WTIMER1A_Handler                         0x000003c7   Thumb Code     2  startup_tm4c123.o(.text)
    WTIMER1B_Handler                         0x000003c9   Thumb Code     2  startup_tm4c123.o(.text)
    WTIMER2A_Handler                         0x000003cb   Thumb Code     2  startup_tm4c123.o(.text)
    WTIMER2B_Handler                         0x000003cd   Thumb Code     2  startup_tm4c123.o(.text)
    WTIMER3A_Handler                         0x000003cf   Thumb Code     2  startup_tm4c123.o(.text)
    WTIMER3B_Handler                         0x000003d1   Thumb Code     2  startup_tm4c123.o(.text)
    WTIMER4A_Handler                         0x000003d3   Thumb Code     2  startup_tm4c123.o(.text)
    WTIMER4B_Handler                         0x000003d5   Thumb Code     2  startup_tm4c123.o(.text)
    WTIMER5A_Handler                         0x000003d7   Thumb Code     2  startup_tm4c123.o(.text)
    WTIMER5B_Handler                         0x000003d9   Thumb Code     2  startup_tm4c123.o(.text)
    FPU_Handler                              0x000003db   Thumb Code     2  startup_tm4c123.o(.text)
    I2C4_Handler                             0x000003dd   Thumb Code     2  startup_tm4c123.o(.text)
    I2C5_Handler                             0x000003df   Thumb Code     2  startup_tm4c123.o(.text)
    GPIOM_Handler                            0x000003e1   Thumb Code     2  startup_tm4c123.o(.text)
    GPION_Handler                            0x000003e3   Thumb Code     2  startup_tm4c123.o(.text)
    QEI2_Handler                             0x000003e5   Thumb Code     2  startup_tm4c123.o(.text)
    GPIOP0_Handler                           0x000003e7   Thumb Code     2  startup_tm4c123.o(.text)
    GPIOP1_Handler                           0x000003e9   Thumb Code     2  startup_tm4c123.o(.text)
    GPIOP2_Handler                           0x000003eb   Thumb Code     2  startup_tm4c123.o(.text)
    GPIOP3_Handler                           0x000003ed   Thumb Code     2  startup_tm4c123.o(.text)
    GPIOP4_Handler                           0x000003ef   Thumb Code     2  startup_tm4c123.o(.text)
    GPIOP5_Handler                           0x000003f1   Thumb Code     2  startup_tm4c123.o(.text)
    GPIOP6_Handler                           0x000003f3   Thumb Code     2  startup_tm4c123.o(.text)
    GPIOP7_Handler                           0x000003f5   Thumb Code     2  startup_tm4c123.o(.text)
    GPIOQ0_Handler                           0x000003f7   Thumb Code     2  startup_tm4c123.o(.text)
    GPIOQ1_Handler                           0x000003f9   Thumb Code     2  startup_tm4c123.o(.text)
    GPIOQ2_Handler                           0x000003fb   Thumb Code     2  startup_tm4c123.o(.text)
    GPIOQ3_Handler                           0x000003fd   Thumb Code     2  startup_tm4c123.o(.text)
    GPIOQ4_Handler                           0x000003ff   Thumb Code     2  startup_tm4c123.o(.text)
    GPIOQ5_Handler                           0x00000401   Thumb Code     2  startup_tm4c123.o(.text)
    GPIOQ6_Handler                           0x00000403   Thumb Code     2  startup_tm4c123.o(.text)
    GPIOQ7_Handler                           0x00000405   Thumb Code     2  startup_tm4c123.o(.text)
    GPIOR_Handler                            0x00000407   Thumb Code     2  startup_tm4c123.o(.text)
    GPIOS_Handler                            0x00000409   Thumb Code     2  startup_tm4c123.o(.text)
    PMW1_0_Handler                           0x0000040b   Thumb Code     2  startup_tm4c123.o(.text)
    PWM1_1_Handler                           0x0000040d   Thumb Code     2  startup_tm4c123.o(.text)
    PWM1_2_Handler                           0x0000040f   Thumb Code     2  startup_tm4c123.o(.text)
    PWM1_3_Handler                           0x00000411   Thumb Code     2  startup_tm4c123.o(.text)
    PWM1_FAULT_Handler                       0x00000413   Thumb Code     2  startup_tm4c123.o(.text)
    __user_initial_stackheap                 0x00000415   Thumb Code     0  startup_tm4c123.o(.text)
    LogicAnalyzerTask()                      0x00000435   Thumb Code    20  main.o(.text)
    ScopeTask()                              0x00000449   Thumb Code    12  main.o(.text)
    Profile_Init()                           0x00000455   Thumb Code   256  main.o(.text)
    GPIOF_Handler                            0x00000555   Thumb Code    68  main.o(.text)
    powerups::randomizer()                   0x00000599   Thumb Code    20  main.o(.text)
    powerups::activatePower()                0x000005ad   Thumb Code    56  main.o(.text)
    GPIOA_Handler                            0x000005e5   Thumb Code    44  main.o(.text)
    SysTick_Init(unsigned long)              0x00000611   Thumb Code    54  main.o(.text)
    delay()                                  0x00000647   Thumb Code    12  main.o(.text)
    Delay100ms(unsigned)                     0x00000653   Thumb Code    38  main.o(.text)
    Draw(Sprite&)                            0x00000679   Thumb Code   650  main.o(.text)
    goToMenu()                               0x00000903   Thumb Code   754  main.o(.text)
    introAnimation()                         0x00000bf5   Thumb Code   458  main.o(.text)
    main                                     0x00000dbf   Thumb Code   228  main.o(.text)
    Sprite::reset()                          0x00000ea3   Thumb Code   220  main.o(.text)
    PeriodicBulletHellHandler()              0x00000f7f   Thumb Code   328  main.o(.text)
    PeriodicLaserHandler()                   0x000010c7   Thumb Code    72  main.o(.text)
    powerups::powerUpActivate()              0x0000110f   Thumb Code    32  main.o(.text)
    Sprite::nextRound()                      0x0000112f   Thumb Code   568  main.o(.text)
    Sprite::PointScored(int)                 0x00001367   Thumb Code   406  main.o(.text)
    Sprite::moveLaser()                      0x000014fd   Thumb Code   108  main.o(.text)
    SysTick_Handler                          0x00001569   Thumb Code   314  main.o(.text)
    absDiff(int, int)                        0x000016a3   Thumb Code    12  main.o(.text)
    abs(int)                                 0x000016af   Thumb Code    14  main.o(.text)
    findClosestBall(int)                     0x000016bd   Thumb Code    54  main.o(.text)
    Sprite::Sprite()                         0x000016f3   Thumb Code    86  main.o(.text)
    Sprite::Sprite__sub_object()             0x000016f3   Thumb Code     0  main.o(.text)
    Sprite::wallPhysics()                    0x00001749   Thumb Code   300  main.o(.text)
    Sprite::collision(Sprite, Sprite)        0x00001875   Thumb Code    80  main.o(.text)
    Sprite::physics()                        0x000018c5   Thumb Code   194  main.o(.text)
    Sprite::logic()                          0x00001987   Thumb Code   266  main.o(.text)
    DAC_Init()                               0x00001b35   Thumb Code    52  dac.o(.text)
    DAC_Out(unsigned char)                   0x00001b69   Thumb Code     8  dac.o(.text)
    Random_Init(unsigned)                    0x00001b7d   Thumb Code     6  random.o(.text)
    Random32()                               0x00001b83   Thumb Code    22  random.o(.text)
    Random()                                 0x00001b99   Thumb Code    24  random.o(.text)
    ADC_Init()                               0x00001bbd   Thumb Code   180  slidepot.o(.text)
    ADC_In()                                 0x00001c71   Thumb Code    38  slidepot.o(.text)
    SlidePot::SlidePot(unsigned, unsigned)   0x00001c97   Thumb Code    16  slidepot.o(.text)
    SlidePot::SlidePot__sub_object(unsigned, unsigned) 0x00001c97   Thumb Code     0  slidepot.o(.text)
    SlidePot::Convert(unsigned)              0x00001ca7   Thumb Code    14  slidepot.o(.text)
    SlidePot::Save(unsigned)                 0x00001cb5   Thumb Code    24  slidepot.o(.text)
    SlidePot::Sync()                         0x00001ccd   Thumb Code    14  slidepot.o(.text)
    SlidePot::ADCsample()                    0x00001cdb   Thumb Code     6  slidepot.o(.text)
    SlidePot::Distance()                     0x00001ce1   Thumb Code     6  slidepot.o(.text)
    TimerISR()                               0x00001cfd   Thumb Code    46  sound.o(.text)
    Sound_Init()                             0x00001d2b   Thumb Code    26  sound.o(.text)
    Sound_Start(const unsigned char*, unsigned) 0x00001d45   Thumb Code    22  sound.o(.text)
    Timer0_Init(void(*)(), unsigned)         0x00001d6d   Thumb Code    74  timer0.o(.text)
    TIMER0A_Handler                          0x00001db7   Thumb Code    16  timer0.o(.text)
    Timer1_Init(void(*)(), unsigned)         0x00001ddd   Thumb Code    74  timer1.o(.text)
    TIMER1A_Handler                          0x00001e27   Thumb Code    16  timer1.o(.text)
    I2C3_Init(unsigned, unsigned)            0x00001e4d   Thumb Code   152  i2c3.o(.text)
    I2C3_Send(unsigned char, unsigned char*, unsigned) 0x00001ee5   Thumb Code   220  i2c3.o(.text)
    I2C3_Send1(unsigned char, unsigned char) 0x00001fc1   Thumb Code    54  i2c3.o(.text)
    I2C3_Send2(signed char, unsigned char, unsigned char) 0x00001ff7   Thumb Code   106  i2c3.o(.text)
    I2C3_Send4(unsigned char, unsigned char, unsigned char, unsigned char, unsigned char) 0x00002061   Thumb Code   208  i2c3.o(.text)
    I2C3_Recv1(signed char)                  0x00002131   Thumb Code    82  i2c3.o(.text)
    I2C3_Recv(unsigned char, unsigned char*, unsigned) 0x00002183   Thumb Code   292  i2c3.o(.text)
    I2C3_Recv2(signed char)                  0x000022a7   Thumb Code   116  i2c3.o(.text)
    I2C3_Recv3(unsigned char, unsigned char*) 0x0000231b   Thumb Code   112  i2c3.o(.text)
    I2C3_SendData(unsigned char, unsigned char*, unsigned) 0x0000238b   Thumb Code   118  i2c3.o(.text)
    ssd1306command(unsigned char)            0x00002405   Thumb Code    16  ssd1306.o(.text)
    ssd1306command1(unsigned char)           0x00002415   Thumb Code    16  ssd1306.o(.text)
    ssd1306commandList(const unsigned char*, unsigned) 0x00002425   Thumb Code    18  ssd1306.o(.text)
    Delay1ms(unsigned)                       0x00002437   Thumb Code    32  ssd1306.o(.text)
    SSD1306_SetCursor(unsigned short, unsigned short) 0x00002457   Thumb Code    94  ssd1306.o(.text)
    SSD1306_OutBuffer()                      0x000024b5   Thumb Code    30  ssd1306.o(.text)
    SSD1306_ClearBuffer()                    0x000024d3   Thumb Code    30  ssd1306.o(.text)
    SSD1306_Init(int)                        0x000024f1   Thumb Code   158  ssd1306.o(.text)
    SSD1306_DrawPixel(short, short, unsigned short) 0x0000258f   Thumb Code   240  ssd1306.o(.text)
    SSD1306_SetPlot(int, int, int, int, unsigned short) 0x0000267f   Thumb Code    74  ssd1306.o(.text)
    SSD1306_DrawPoint(int, int)              0x000026c9   Thumb Code    96  ssd1306.o(.text)
    SSD1306_DrawChar(short, short, char, unsigned short) 0x00002729   Thumb Code   100  ssd1306.o(.text)
    SSD1306_DrawString(short, short, char*, unsigned short) 0x0000278d   Thumb Code    38  ssd1306.o(.text)
    SSD1306_OutClear()                       0x000027b3   Thumb Code    12  ssd1306.o(.text)
    SSD1306_DrawBMP(unsigned char, unsigned char, const unsigned char*, unsigned char, unsigned short) 0x000027bf   Thumb Code   620  ssd1306.o(.text)
    ssd1306drawFastHLineInternal(short, short, short, unsigned short) 0x00002a2b   Thumb Code   160  ssd1306.o(.text)
    ssd1306drawFastVLineInternal(short, short, short, unsigned short) 0x00002acb   Thumb Code   344  ssd1306.o(.text)
    SSD1306_DrawFastHLine(short, short, short, unsigned short) 0x00002c23   Thumb Code   134  ssd1306.o(.text)
    SSD1306_DrawFastVLine(short, short, short, unsigned short) 0x00002ca9   Thumb Code   134  ssd1306.o(.text)
    SSD1306_GetPixel(short, short)           0x00002d2f   Thumb Code   116  ssd1306.o(.text)
    SSD1306_GetBuffer()                      0x00002da3   Thumb Code     4  ssd1306.o(.text)
    SSD1306_DrawFullImage(const unsigned char*) 0x00002da7   Thumb Code    40  ssd1306.o(.text)
    SSD1306_startscrollright(unsigned char, unsigned char) 0x00002dcf   Thumb Code    42  ssd1306.o(.text)
    SSD1306_startscrollleft(unsigned char, unsigned char) 0x00002df9   Thumb Code    42  ssd1306.o(.text)
    SSD1306_startscrolldiagright(unsigned char, unsigned char) 0x00002e23   Thumb Code    56  ssd1306.o(.text)
    SSD1306_startscrolldiagleft(unsigned char, unsigned char) 0x00002e5b   Thumb Code    56  ssd1306.o(.text)
    SSD1306_stopscroll()                     0x00002e93   Thumb Code    10  ssd1306.o(.text)
    SSD1306_InvertDisplay(int)               0x00002e9d   Thumb Code    20  ssd1306.o(.text)
    SSD1306_Dim(int)                         0x00002eb1   Thumb Code    40  ssd1306.o(.text)
    SSD1306_OutChar                          0x00002ed9   Thumb Code   238  ssd1306.o(.text)
    SSD1306_OutString                        0x00002fc7   Thumb Code    22  ssd1306.o(.text)
    SSD1306_OutUDec(unsigned short)          0x00002fdd   Thumb Code   492  ssd1306.o(.text)
    SSD1306_OutSDec(short)                   0x000031c9   Thumb Code   428  ssd1306.o(.text)
    SSD1306_OutUFix1(unsigned short)         0x00003375   Thumb Code   108  ssd1306.o(.text)
    SSD1306_OutSFix1(int)                    0x000033e1   Thumb Code   212  ssd1306.o(.text)
    SSD1306_OutHex7(unsigned char)           0x000034b5   Thumb Code    36  ssd1306.o(.text)
    SSD1306_OutUHex7(unsigned char)          0x000034d9   Thumb Code    34  ssd1306.o(.text)
    SSD1306_OutUDec16(unsigned)              0x000034fb   Thumb Code   144  ssd1306.o(.text)
    SSD1306_OutUDec2(unsigned)               0x0000358b   Thumb Code    82  ssd1306.o(.text)
    UART0_Init()                             0x000035e1   Thumb Code   152  texas.o(.text)
    ADC1_Init()                              0x00003679   Thumb Code   180  texas.o(.text)
    PLL_Init()                               0x0000372d   Thumb Code   120  texas.o(.text)
    TExaS_Init(void(*)())                    0x000037a5   Thumb Code    96  texas.o(.text)
    TIMER5A_Handler                          0x00003805   Thumb Code    16  texas.o(.text)
    TExaS_Stop()                             0x00003815   Thumb Code    18  texas.o(.text)
    Timer2_Init(void(*)(), unsigned)         0x00003865   Thumb Code    74  timer2.o(.text)
    TIMER2A_Handler                          0x000038af   Thumb Code    16  timer2.o(.text)
    Switch_Init()                            0x000038d5   Thumb Code   126  switch.o(.text)
    Sprite::Sprite(int, int, int, const unsigned char*, bool, bool) 0x0000396d   Thumb Code    76  sprite.o(.text)
    Sprite::Sprite__sub_object(int, int, int, const unsigned char*, bool, bool) 0x0000396d   Thumb Code     0  sprite.o(.text)
    Sprite::move(int)                        0x000039b9   Thumb Code   272  sprite.o(.text)
    superBalls(Sprite&, Sprite&, Sprite&, bool*, bool*) 0x00003ac9   Thumb Code    18  powerups.o(.text)
    invisibleBall(Sprite&, Sprite&, Sprite&, bool*, bool*) 0x00003adb   Thumb Code    10  powerups.o(.text)
    intangibleBall(Sprite&, Sprite&, Sprite&, bool*, bool*) 0x00003ae5   Thumb Code    10  powerups.o(.text)
    death(Sprite&, Sprite&, Sprite&, bool*, bool*) 0x00003aef   Thumb Code    12  powerups.o(.text)
    slowAI(Sprite&, Sprite&, Sprite&, bool*, bool*) 0x00003afb   Thumb Code    10  powerups.o(.text)
    revControls(Sprite&, Sprite&, Sprite&, bool*, bool*) 0x00003b05   Thumb Code    10  powerups.o(.text)
    expand(Sprite&, Sprite&, Sprite&, bool*, bool*) 0x00003b0f   Thumb Code     6  powerups.o(.text)
    shrink(Sprite&, Sprite&, Sprite&, bool*, bool*) 0x00003b15   Thumb Code     6  powerups.o(.text)
    maxSize(Sprite&, Sprite&, Sprite&, bool*, bool*) 0x00003b1b   Thumb Code     6  powerups.o(.text)
    freezeAI(Sprite&, Sprite&, Sprite&, bool*, bool*) 0x00003b21   Thumb Code    10  powerups.o(.text)
    powerups::powerups(Sprite&, Sprite&, Sprite&, bool*, bool*) 0x00003b2b   Thumb Code    74  powerups.o(.text)
    powerups::powerups__sub_object(Sprite&, Sprite&, Sprite&, bool*, bool*) 0x00003b2b   Thumb Code     0  powerups.o(.text)
    powerups::hash(int)                      0x00003b75   Thumb Code   114  powerups.o(.text)
    __aeabi_memcpy4                          0x00003bed   Thumb Code     0  rt_memcpy_w.o(.text)
    __aeabi_memcpy8                          0x00003bed   Thumb Code     0  rt_memcpy_w.o(.text)
    __rt_memcpy_w                            0x00003bed   Thumb Code   100  rt_memcpy_w.o(.text)
    _memcpy_lastbytes_aligned                0x00003c35   Thumb Code     0  rt_memcpy_w.o(.text)
    __use_two_region_memory                  0x00003c51   Thumb Code     2  heapauxi.o(.text)
    __rt_heap_escrow                         0x00003c53   Thumb Code     2  heapauxi.o(.text)
    __rt_heap_expand                         0x00003c55   Thumb Code     2  heapauxi.o(.text)
    __cpp_initialize__aeabi_                 0x00003c59   Thumb Code    26  init_aeabi.o(.text)
    __user_setup_stackheap                   0x00003c7d   Thumb Code    74  sys_stackheap_outer.o(.text)
    exit                                     0x00003cc7   Thumb Code    18  exit.o(.text)
    __user_libspace                          0x00003cd9   Thumb Code     8  libspace.o(.text)
    __user_perproc_libspace                  0x00003cd9   Thumb Code     0  libspace.o(.text)
    __user_perthread_libspace                0x00003cd9   Thumb Code     0  libspace.o(.text)
    _sys_exit                                0x00003ce1   Thumb Code     8  sys_exit.o(.text)
    __I$use$semihosting                      0x00003ced   Thumb Code     0  use_no_semi.o(.text)
    __use_no_semihosting_swi                 0x00003ced   Thumb Code     2  use_no_semi.o(.text)
    __aeabi_vec_ctor_nocookie_nodtor         0x00003cef   Thumb Code    36  aeabi_vec_ctor_nocookie_nodtor.o(i.__aeabi_vec_ctor_nocookie_nodtor)
    __semihosting_library_function           0x00003cef   Thumb Code     0  indicate_semi.o(.text)
    Region$$Table$$Base                      0x000076f8   Number         0  anon$$obj.o(Region$$Table)
    Region$$Table$$Limit                     0x00007718   Number         0  anon$$obj.o(Region$$Table)
    SHT$$INIT_ARRAY$$Base                    0x00007718   Number         0  main.o(.init_array)
    SHT$$INIT_ARRAY$$Limit                   0x0000771c   Number         0  init_aeabi.o(.init_array)
    reverseMode                              0x20000000   Data           1  main.o(.data)
    English                                  0x20000001   Data           1  main.o(.data)
    noCollisionsMode                         0x20000002   Data           1  main.o(.data)
    numLasers                                0x20000004   Data           4  main.o(.data)
    menuPointer                              0x20000008   Data           4  main.o(.data)
    menu                                     0x2000000c   Data           1  main.o(.data)
    delayCounter                             0x20000010   Data           4  main.o(.data)
    parse                                    0x20000014   Data           4  main.o(.data)
    sounds                                   0x2000001c   Data           4  sound.o(.data)
    counter                                  0x20000020   Data           4  sound.o(.data)
    max                                      0x20000024   Data           4  sound.o(.data)
    PeriodicTask0                            0x20000028   Data           4  timer0.o(.data)
    PeriodicTask1                            0x2000002c   Data           4  timer1.o(.data)
    vccstate                                 0x20000030   Data           4  ssd1306.o(.data)
    rotation                                 0x20000034   Data           4  ssd1306.o(.data)
    StartX                                   0x20000052   Data           2  ssd1306.o(.data)
    CurrentX                                 0x20000054   Data           2  ssd1306.o(.data)
    StartY                                   0x20000056   Data           2  ssd1306.o(.data)
    CurrentY                                 0x20000058   Data           2  ssd1306.o(.data)
    sendDataPt                               0x2000005c   Data           4  texas.o(.data)
    PeriodicTask2                            0x20000060   Data           4  timer2.o(.data)
    goodGuy                                  0x20000064   Data          52  main.o(.bss)
    bouncyBall                               0x20000098   Data          52  main.o(.bss)
    enemyReflector                           0x200000cc   Data          52  main.o(.bss)
    bouncyBalls                              0x20000100   Data         156  main.o(.bss)
    pUps                                     0x2000019c   Data          44  main.o(.bss)
    lasers                                   0x200001c8   Data        1300  main.o(.bss)
    buffer                                   0x200006dc   Data        1024  ssd1306.o(.bss)
    __libspace_start                         0x20000adc   Data          96  libspace.o(.bss)
    __temporary_stack_top$libspace           0x20000b3c   Data           0  libspace.o(.bss)



==============================================================================

Memory Map of the image

  Image Entry point : 0x0000026d

  Load Region LR_IROM1 (Base: 0x00000000, Size: 0x00007780, Max: 0x00040000, ABSOLUTE)

    Execution Region ER_IROM1 (Exec base: 0x00000000, Load base: 0x00000000, Size: 0x0000771c, Max: 0x00040000, ABSOLUTE)

    Exec Addr    Load Addr    Size         Type   Attr      Idx    E Section Name        Object

    0x00000000   0x00000000   0x0000026c   Data   RO            3    RESET               startup_tm4c123.o
    0x0000026c   0x0000026c   0x00000008   Code   RO          304  * !!!main             c_w.l(__main.o)
    0x00000274   0x00000274   0x00000034   Code   RO          599    !!!scatter          c_w.l(__scatter.o)
    0x000002a8   0x000002a8   0x0000001a   Code   RO          601    !!handler_copy      c_w.l(__scatter_copy.o)
    0x000002c2   0x000002c2   0x00000002   PAD
    0x000002c4   0x000002c4   0x0000001c   Code   RO          603    !!handler_zi        c_w.l(__scatter_zi.o)
    0x000002e0   0x000002e0   0x00000002   Code   RO          399    .ARM.Collect$$libinit$$00000000  c_w.l(libinit.o)
    0x000002e2   0x000002e2   0x00000000   Code   RO          317    .ARM.Collect$$libinit$$00000002  c_w.l(libinit2.o)
    0x000002e2   0x000002e2   0x00000000   Code   RO          319    .ARM.Collect$$libinit$$00000004  c_w.l(libinit2.o)
    0x000002e2   0x000002e2   0x00000000   Code   RO          322    .ARM.Collect$$libinit$$0000000A  c_w.l(libinit2.o)
    0x000002e2   0x000002e2   0x00000000   Code   RO          324    .ARM.Collect$$libinit$$0000000C  c_w.l(libinit2.o)
    0x000002e2   0x000002e2   0x00000000   Code   RO          326    .ARM.Collect$$libinit$$0000000E  c_w.l(libinit2.o)
    0x000002e2   0x000002e2   0x00000000   Code   RO          329    .ARM.Collect$$libinit$$00000011  c_w.l(libinit2.o)
    0x000002e2   0x000002e2   0x00000000   Code   RO          331    .ARM.Collect$$libinit$$00000013  c_w.l(libinit2.o)
    0x000002e2   0x000002e2   0x00000000   Code   RO          333    .ARM.Collect$$libinit$$00000015  c_w.l(libinit2.o)
    0x000002e2   0x000002e2   0x00000000   Code   RO          335    .ARM.Collect$$libinit$$00000017  c_w.l(libinit2.o)
    0x000002e2   0x000002e2   0x00000000   Code   RO          337    .ARM.Collect$$libinit$$00000019  c_w.l(libinit2.o)
    0x000002e2   0x000002e2   0x00000000   Code   RO          339    .ARM.Collect$$libinit$$0000001B  c_w.l(libinit2.o)
    0x000002e2   0x000002e2   0x00000000   Code   RO          341    .ARM.Collect$$libinit$$0000001D  c_w.l(libinit2.o)
    0x000002e2   0x000002e2   0x00000000   Code   RO          343    .ARM.Collect$$libinit$$0000001F  c_w.l(libinit2.o)
    0x000002e2   0x000002e2   0x00000000   Code   RO          345    .ARM.Collect$$libinit$$00000021  c_w.l(libinit2.o)
    0x000002e2   0x000002e2   0x00000000   Code   RO          347    .ARM.Collect$$libinit$$00000023  c_w.l(libinit2.o)
    0x000002e2   0x000002e2   0x00000000   Code   RO          349    .ARM.Collect$$libinit$$00000025  c_w.l(libinit2.o)
    0x000002e2   0x000002e2   0x00000000   Code   RO          353    .ARM.Collect$$libinit$$0000002C  c_w.l(libinit2.o)
    0x000002e2   0x000002e2   0x00000000   Code   RO          355    .ARM.Collect$$libinit$$0000002E  c_w.l(libinit2.o)
    0x000002e2   0x000002e2   0x00000000   Code   RO          357    .ARM.Collect$$libinit$$00000030  c_w.l(libinit2.o)
    0x000002e2   0x000002e2   0x00000004   Code   RO          358    .ARM.Collect$$libinit$$00000031  c_w.l(libinit2.o)
    0x000002e6   0x000002e6   0x00000000   Code   RO          359    .ARM.Collect$$libinit$$00000032  c_w.l(libinit2.o)
    0x000002e6   0x000002e6   0x00000002   Code   RO          360    .ARM.Collect$$libinit$$00000033  c_w.l(libinit2.o)
    0x000002e8   0x000002e8   0x00000002   Code   RO          554    .ARM.Collect$$libshutdown$$00000000  c_w.l(libshutdown.o)
    0x000002ea   0x000002ea   0x00000000   Code   RO          562    .ARM.Collect$$libshutdown$$00000002  c_w.l(libshutdown2.o)
    0x000002ea   0x000002ea   0x00000000   Code   RO          564    .ARM.Collect$$libshutdown$$00000004  c_w.l(libshutdown2.o)
    0x000002ea   0x000002ea   0x00000000   Code   RO          566    .ARM.Collect$$libshutdown$$00000006  c_w.l(libshutdown2.o)
    0x000002ea   0x000002ea   0x00000000   Code   RO          569    .ARM.Collect$$libshutdown$$00000009  c_w.l(libshutdown2.o)
    0x000002ea   0x000002ea   0x00000000   Code   RO          572    .ARM.Collect$$libshutdown$$0000000C  c_w.l(libshutdown2.o)
    0x000002ea   0x000002ea   0x00000000   Code   RO          574    .ARM.Collect$$libshutdown$$0000000E  c_w.l(libshutdown2.o)
    0x000002ea   0x000002ea   0x00000000   Code   RO          577    .ARM.Collect$$libshutdown$$00000011  c_w.l(libshutdown2.o)
    0x000002ea   0x000002ea   0x00000002   Code   RO          578    .ARM.Collect$$libshutdown$$00000012  c_w.l(libshutdown2.o)
    0x000002ec   0x000002ec   0x00000000   Code   RO          315    .ARM.Collect$$rtentry$$00000000  c_w.l(__rtentry.o)
    0x000002ec   0x000002ec   0x00000000   Code   RO          365    .ARM.Collect$$rtentry$$00000002  c_w.l(__rtentry2.o)
    0x000002ec   0x000002ec   0x00000006   Code   RO          377    .ARM.Collect$$rtentry$$00000004  c_w.l(__rtentry4.o)
    0x000002f2   0x000002f2   0x00000000   Code   RO          367    .ARM.Collect$$rtentry$$00000009  c_w.l(__rtentry2.o)
    0x000002f2   0x000002f2   0x00000004   Code   RO          368    .ARM.Collect$$rtentry$$0000000A  c_w.l(__rtentry2.o)
    0x000002f6   0x000002f6   0x00000000   Code   RO          370    .ARM.Collect$$rtentry$$0000000C  c_w.l(__rtentry2.o)
    0x000002f6   0x000002f6   0x00000008   Code   RO          371    .ARM.Collect$$rtentry$$0000000D  c_w.l(__rtentry2.o)
    0x000002fe   0x000002fe   0x00000002   Code   RO          412    .ARM.Collect$$rtexit$$00000000  c_w.l(rtexit.o)
    0x00000300   0x00000300   0x00000000   Code   RO          494    .ARM.Collect$$rtexit$$00000002  c_w.l(rtexit2.o)
    0x00000300   0x00000300   0x00000004   Code   RO          495    .ARM.Collect$$rtexit$$00000003  c_w.l(rtexit2.o)
    0x00000304   0x00000304   0x00000006   Code   RO          496    .ARM.Collect$$rtexit$$00000004  c_w.l(rtexit2.o)
    0x0000030a   0x0000030a   0x00000002   PAD
    0x0000030c   0x0000030c   0x00000128   Code   RO            4    .text               startup_tm4c123.o
    0x00000434   0x00000434   0x00001700   Code   RO           10    .text               main.o
    0x00001b34   0x00001b34   0x00000048   Code   RO           69    .text               dac.o
    0x00001b7c   0x00001b7c   0x00000040   Code   RO           88    .text               random.o
    0x00001bbc   0x00001bbc   0x00000140   Code   RO          103    .text               slidepot.o
    0x00001cfc   0x00001cfc   0x00000070   Code   RO          122    .text               sound.o
    0x00001d6c   0x00001d6c   0x00000070   Code   RO          141    .text               timer0.o
    0x00001ddc   0x00001ddc   0x00000070   Code   RO          157    .text               timer1.o
    0x00001e4c   0x00001e4c   0x000005b8   Code   RO          173    .text               i2c3.o
    0x00002404   0x00002404   0x000011dc   Code   RO          189    .text               ssd1306.o
    0x000035e0   0x000035e0   0x00000284   Code   RO          214    .text               texas.o
    0x00003864   0x00003864   0x00000070   Code   RO          230    .text               timer2.o
    0x000038d4   0x000038d4   0x00000098   Code   RO          246    .text               switch.o
    0x0000396c   0x0000396c   0x0000015c   Code   RO          259    .text               sprite.o
    0x00003ac8   0x00003ac8   0x00000124   Code   RO          277    .text               powerups.o
    0x00003bec   0x00003bec   0x00000064   Code   RO          300    .text               c_w.l(rt_memcpy_w.o)
    0x00003c50   0x00003c50   0x00000006   Code   RO          302    .text               c_w.l(heapauxi.o)
    0x00003c56   0x00003c56   0x00000002   PAD
    0x00003c58   0x00003c58   0x00000024   Code   RO          309    .text               c_w.l(init_aeabi.o)
    0x00003c7c   0x00003c7c   0x0000004a   Code   RO          386    .text               c_w.l(sys_stackheap_outer.o)
    0x00003cc6   0x00003cc6   0x00000012   Code   RO          388    .text               c_w.l(exit.o)
    0x00003cd8   0x00003cd8   0x00000008   Code   RO          409    .text               c_w.l(libspace.o)
    0x00003ce0   0x00003ce0   0x0000000c   Code   RO          486    .text               c_w.l(sys_exit.o)
    0x00003cec   0x00003cec   0x00000002   Code   RO          488    .text               c_w.l(use_no_semi.o)
    0x00003cee   0x00003cee   0x00000000   Code   RO          492    .text               c_w.l(indicate_semi.o)
    0x00003cee   0x00003cee   0x00000024   Code   RO          312    i.__aeabi_vec_ctor_nocookie_nodtor  cpprt_w.l(aeabi_vec_ctor_nocookie_nodtor.o)
    0x00003d12   0x00003d12   0x000033b9   Data   RO           13    .constdata          main.o
    0x000070cb   0x000070cb   0x000005a3   Data   RO          192    .constdata          ssd1306.o
    0x0000766e   0x0000766e   0x00000087   Data   RO          279    .constdata          powerups.o
    0x000076f5   0x000076f5   0x00000003   PAD
    0x000076f8   0x000076f8   0x00000020   Data   RO          597    Region$$Table       anon$$obj.o
    0x00007718   0x00007718   0x00000004   Data   RO           15    .init_array         main.o
    0x0000771c   0x00007718   0x00000000   Data   RO          307    .init_array         c_w.l(init_aeabi.o)


    Execution Region RW_IRAM1 (Exec base: 0x20000000, Load base: 0x0000771c, Size: 0x00001340, Max: 0x00008000, ABSOLUTE)

    Exec Addr    Load Addr    Size         Type   Attr      Idx    E Section Name        Object

    0x20000000   0x0000771c   0x00000018   Data   RW           14    .data               main.o
    0x20000018   0x00007734   0x00000004   Data   RW           90    .data               random.o
    0x2000001c   0x00007738   0x0000000c   Data   RW          124    .data               sound.o
    0x20000028   0x00007744   0x00000004   Data   RW          143    .data               timer0.o
    0x2000002c   0x00007748   0x00000004   Data   RW          159    .data               timer1.o
    0x20000030   0x0000774c   0x0000002a   Data   RW          193    .data               ssd1306.o
    0x2000005a   0x00007776   0x00000002   PAD
    0x2000005c   0x00007778   0x00000004   Data   RW          216    .data               texas.o
    0x20000060   0x0000777c   0x00000004   Data   RW          232    .data               timer2.o
    0x20000064        -       0x00000678   Zero   RW           12    .bss                main.o
    0x200006dc        -       0x00000400   Zero   RW          191    .bss                ssd1306.o
    0x20000adc        -       0x00000060   Zero   RW          410    .bss                c_w.l(libspace.o)
    0x20000b3c   0x00007780   0x00000004   PAD
    0x20000b40        -       0x00000400   Zero   RW            2    HEAP                startup_tm4c123.o
    0x20000f40        -       0x00000400   Zero   RW            1    STACK               startup_tm4c123.o


==============================================================================

Image component sizes


      Code (inc. data)   RO Data    RW Data    ZI Data      Debug   Object Name

        72         12          0          0          0       1739   dac.o
      1464         24          0          0          0       4344   i2c3.o
      5888        502      13245         24       1656      17293   main.o
       292          6        135          0          0       5930   powerups.o
        64         12          0          4          0        850   random.o
       320         22          0          0          0       3430   slidepot.o
       112         18          0         12          0       1319   sound.o
       348          0          0          0          0       3916   sprite.o
      4572        198       1443         42       1024      14644   ssd1306.o
       296         22        620          0       2048       5588   startup_tm4c123.o
       152         26          0          0          0        414   switch.o
       644         62          0          4          0       2703   texas.o
       112         22          0          4          0       1158   timer0.o
       112         22          0          4          0       1158   timer1.o
       112         22          0          4          0       1158   timer2.o

    ----------------------------------------------------------------------
     14560        970      15478        100       4728      65644   Object Totals
         0          0         32          0          0          0   (incl. Generated)
         0          0          3          2          0          0   (incl. Padding)

    ----------------------------------------------------------------------

      Code (inc. data)   RO Data    RW Data    ZI Data      Debug   Library Member Name

         8          0          0          0          0         68   __main.o
         0          0          0          0          0          0   __rtentry.o
        12          0          0          0          0          0   __rtentry2.o
         6          0          0          0          0          0   __rtentry4.o
        52          8          0          0          0          0   __scatter.o
        26          0          0          0          0          0   __scatter_copy.o
        28          0          0          0          0          0   __scatter_zi.o
        18          0          0          0          0         80   exit.o
         6          0          0          0          0        152   heapauxi.o
         0          0          0          0          0          0   indicate_semi.o
        36         10          0          0          0         80   init_aeabi.o
         2          0          0          0          0          0   libinit.o
         6          0          0          0          0          0   libinit2.o
         2          0          0          0          0          0   libshutdown.o
         2          0          0          0          0          0   libshutdown2.o
         8          4          0          0         96         68   libspace.o
       100          0          0          0          0         80   rt_memcpy_w.o
         2          0          0          0          0          0   rtexit.o
        10          0          0          0          0          0   rtexit2.o
        12          4          0          0          0         68   sys_exit.o
        74          0          0          0          0         80   sys_stackheap_outer.o
         2          0          0          0          0         68   use_no_semi.o
        36          0          0          0          0         84   aeabi_vec_ctor_nocookie_nodtor.o

    ----------------------------------------------------------------------
       454         26          0          0        100        828   Library Totals
         6          0          0          0          4          0   (incl. Padding)

    ----------------------------------------------------------------------

      Code (inc. data)   RO Data    RW Data    ZI Data      Debug   Library Name

       412         26          0          0         96        744   c_w.l
        36          0          0          0          0         84   cpprt_w.l

    ----------------------------------------------------------------------
       454         26          0          0        100        828   Library Totals

    ----------------------------------------------------------------------

==============================================================================


      Code (inc. data)   RO Data    RW Data    ZI Data      Debug   

     15014        996      15478        100       4828      65168   Grand Totals
     15014        996      15478        100       4828      65168   ELF Image Totals
     15014        996      15478        100          0          0   ROM Totals

==============================================================================

    Total RO  Size (Code + RO Data)                30492 (  29.78kB)
    Total RW  Size (RW Data + ZI Data)              4928 (   4.81kB)
    Total ROM Size (Code + RO Data + RW Data)      30592 (  29.88kB)

==============================================================================

