<html>
<body>
<pre>
<h1>µVision Build Log</h1>
<h2>Tool Versions:</h2>
IDE-Version: µVision V5.33.0.0
Copyright (C) 2020 ARM Ltd and ARM Germany GmbH. All rights reserved.
License Information: John Duncan, UT Austin, LIC=HF8TE-P5B59-JJE3D-RHXCE-14VUR-YESX4
 
Tool Versions:
Toolchain:       MDK-ARM Professional  Version: 5.33.0.0
Toolchain Path:  C:\Keil_v5\ARM\ARMCC\Bin
C Compiler:      Armcc.exe V5.06 update 7 (build 960)
Assembler:       Armasm.exe V5.06 update 7 (build 960)
Linker/Locator:  ArmLink.exe V5.06 update 7 (build 960)
Library Manager: ArmAr.exe V5.06 update 7 (build 960)
Hex Converter:   FromElf.exe V5.06 update 7 (build 960)
CPU DLL:         SARMCM3.DLL V5.33.0.0
Dialog DLL:      DCM.DLL V1.17.3.0
Target DLL:      lmidk-agdi.dll V???
Dialog DLL:      TCM.DLL V1.48.0.0
 
<h2>Project:</h2>
C:\Keil_v5\EE319KwareSpring2021\Lab10_C-\Lab10_C++.uvprojx
Project File Date:  05/03/2021

<h2>Output:</h2>
*** Using Compiler 'V5.06 update 7 (build 960)', folder: 'C:\Keil_v5\ARM\ARMCC\Bin'
Rebuild target 'Lab 10'
compiling random.cpp...
assembling startup_TM4C123.s...
compiling SlidePot.cpp...
compiling Sound.cpp...
compiling Timer0.cpp...
compiling DAC.cpp...
compiling Timer1.cpp...
compiling I2C3.cpp...
compiling main.cpp...
main.cpp(338): warning:  #177-D: variable "time"  was declared but never referenced
  	uint32_t time=0;
main.cpp(364): warning:  #177-D: variable "DrawPointer"  was declared but never referenced
  	bool DrawPointer = false;
main.cpp: 2 warnings, 0 errors
compiling SSD1306.cpp...
compiling powerups.cpp...
compiling Timer2.cpp...
compiling Switch.cpp...
compiling Sprite.cpp...
compiling TExaS.cpp...
linking...
Program Size: Code=14274 RO-data=15478 RW-data=96 ZI-data=4824  
".\Lab10_C++.axf" - 0 Error(s), 2 Warning(s).

<h2>Software Packages used:</h2>

Package Vendor: ARM
                http://www.keil.com/pack/ARM.CMSIS.5.7.0.pack
                ARM.CMSIS.5.7.0
                CMSIS (Cortex Microcontroller Software Interface Standard)
   * Component: CORE Version: 5.4.0

Package Vendor: Keil
                http://www.keil.com/pack/Keil.TM4C_DFP.1.1.0.pack
                Keil.TM4C_DFP.1.1.0
                Texas Instruments Tiva C Series Device Support and Examples

<h2>Collection of Component include folders:</h2>
  .\RTE\_Lab_10
  C:\Users\jgdun\AppData\Local\Arm\Packs\ARM\CMSIS\5.7.0\CMSIS\Core\Include
  C:\Users\jgdun\AppData\Local\Arm\Packs\Keil\TM4C_DFP\1.1.0\Device\Include\TM4C123

<h2>Collection of Component Files used:</h2>

   * Component: ARM::CMSIS:CORE:5.4.0
Build Time Elapsed:  00:00:02
</pre>
</body>
</html>
